Component: ARM Compiler 5.06 update 6 (build 750) Tool: armlink [4d35ed]

==============================================================================

Section Cross References

    startup_stm32l1xx_xl.o(RESET) refers to startup_stm32l1xx_xl.o(STACK) for __initial_sp
    startup_stm32l1xx_xl.o(RESET) refers to startup_stm32l1xx_xl.o(.text) for Reset_Handler
    startup_stm32l1xx_xl.o(RESET) refers to stm32l1xx_it.o(i.NMI_Handler) for NMI_Handler
    startup_stm32l1xx_xl.o(RESET) refers to stm32l1xx_it.o(i.HardFault_Handler) for HardFault_Handler
    startup_stm32l1xx_xl.o(RESET) refers to stm32l1xx_it.o(i.MemManage_Handler) for MemManage_Handler
    startup_stm32l1xx_xl.o(RESET) refers to stm32l1xx_it.o(i.BusFault_Handler) for BusFault_Handler
    startup_stm32l1xx_xl.o(RESET) refers to stm32l1xx_it.o(i.UsageFault_Handler) for UsageFault_Handler
    startup_stm32l1xx_xl.o(RESET) refers to stm32l1xx_it.o(i.SVC_Handler) for SVC_Handler
    startup_stm32l1xx_xl.o(RESET) refers to stm32l1xx_it.o(i.DebugMon_Handler) for DebugMon_Handler
    startup_stm32l1xx_xl.o(RESET) refers to stm32l1xx_it.o(i.PendSV_Handler) for PendSV_Handler
    startup_stm32l1xx_xl.o(RESET) refers to stm32l1xx_it.o(i.SysTick_Handler) for SysTick_Handler
    startup_stm32l1xx_xl.o(RESET) refers to stm32l1xx_it.o(i.EXTI15_10_IRQHandler) for EXTI15_10_IRQHandler
    startup_stm32l1xx_xl.o(.text) refers to system_stm32l1xx.o(i.SystemInit) for SystemInit
    startup_stm32l1xx_xl.o(.text) refers to entry.o(.ARM.Collect$$$$00000000) for __main
    misc.o(i.NVIC_Init) refers to main.o(i.assert_failed) for assert_failed
    misc.o(i.NVIC_PriorityGroupConfig) refers to main.o(i.assert_failed) for assert_failed
    misc.o(i.NVIC_SetVectorTable) refers to main.o(i.assert_failed) for assert_failed
    misc.o(i.NVIC_SystemLPConfig) refers to main.o(i.assert_failed) for assert_failed
    misc.o(i.SysTick_CLKSourceConfig) refers to main.o(i.assert_failed) for assert_failed
    stm32l1xx_adc.o(i.ADC_AnalogWatchdogCmd) refers to main.o(i.assert_failed) for assert_failed
    stm32l1xx_adc.o(i.ADC_AnalogWatchdogCmd) refers to stm32l1xx_adc.o(.conststring) for .conststring
    stm32l1xx_adc.o(i.ADC_AnalogWatchdogSingleChannelConfig) refers to main.o(i.assert_failed) for assert_failed
    stm32l1xx_adc.o(i.ADC_AnalogWatchdogSingleChannelConfig) refers to stm32l1xx_adc.o(.conststring) for .conststring
    stm32l1xx_adc.o(i.ADC_AnalogWatchdogThresholdsConfig) refers to main.o(i.assert_failed) for assert_failed
    stm32l1xx_adc.o(i.ADC_AnalogWatchdogThresholdsConfig) refers to stm32l1xx_adc.o(.conststring) for .conststring
    stm32l1xx_adc.o(i.ADC_AutoInjectedConvCmd) refers to main.o(i.assert_failed) for assert_failed
    stm32l1xx_adc.o(i.ADC_AutoInjectedConvCmd) refers to stm32l1xx_adc.o(.conststring) for .conststring
    stm32l1xx_adc.o(i.ADC_BankSelection) refers to main.o(i.assert_failed) for assert_failed
    stm32l1xx_adc.o(i.ADC_BankSelection) refers to stm32l1xx_adc.o(.conststring) for .conststring
    stm32l1xx_adc.o(i.ADC_ClearFlag) refers to main.o(i.assert_failed) for assert_failed
    stm32l1xx_adc.o(i.ADC_ClearFlag) refers to stm32l1xx_adc.o(.conststring) for .conststring
    stm32l1xx_adc.o(i.ADC_ClearITPendingBit) refers to main.o(i.assert_failed) for assert_failed
    stm32l1xx_adc.o(i.ADC_ClearITPendingBit) refers to stm32l1xx_adc.o(.conststring) for .conststring
    stm32l1xx_adc.o(i.ADC_Cmd) refers to main.o(i.assert_failed) for assert_failed
    stm32l1xx_adc.o(i.ADC_Cmd) refers to stm32l1xx_adc.o(.conststring) for .conststring
    stm32l1xx_adc.o(i.ADC_CommonInit) refers to main.o(i.assert_failed) for assert_failed
    stm32l1xx_adc.o(i.ADC_CommonInit) refers to stm32l1xx_adc.o(.conststring) for .conststring
    stm32l1xx_adc.o(i.ADC_ContinuousModeCmd) refers to main.o(i.assert_failed) for assert_failed
    stm32l1xx_adc.o(i.ADC_ContinuousModeCmd) refers to stm32l1xx_adc.o(.conststring) for .conststring
    stm32l1xx_adc.o(i.ADC_DMACmd) refers to main.o(i.assert_failed) for assert_failed
    stm32l1xx_adc.o(i.ADC_DMACmd) refers to stm32l1xx_adc.o(.conststring) for .conststring
    stm32l1xx_adc.o(i.ADC_DMARequestAfterLastTransferCmd) refers to main.o(i.assert_failed) for assert_failed
    stm32l1xx_adc.o(i.ADC_DMARequestAfterLastTransferCmd) refers to stm32l1xx_adc.o(.conststring) for .conststring
    stm32l1xx_adc.o(i.ADC_DeInit) refers to main.o(i.assert_failed) for assert_failed
    stm32l1xx_adc.o(i.ADC_DeInit) refers to stm32l1xx_rcc.o(i.RCC_APB2PeriphResetCmd) for RCC_APB2PeriphResetCmd
    stm32l1xx_adc.o(i.ADC_DeInit) refers to stm32l1xx_adc.o(.conststring) for .conststring
    stm32l1xx_adc.o(i.ADC_DelaySelectionConfig) refers to main.o(i.assert_failed) for assert_failed
    stm32l1xx_adc.o(i.ADC_DelaySelectionConfig) refers to stm32l1xx_adc.o(.conststring) for .conststring
    stm32l1xx_adc.o(i.ADC_DiscModeChannelCountConfig) refers to main.o(i.assert_failed) for assert_failed
[...]
    Removing stm32l1xx_tim.o(i.TIM_ForcedOC3Config), (88 bytes).
    Removing stm32l1xx_tim.o(i.TIM_ForcedOC4Config), (96 bytes).
    Removing stm32l1xx_tim.o(i.TIM_GenerateEvent), (128 bytes).
    Removing stm32l1xx_tim.o(i.TIM_GetCapture1), (88 bytes).
    Removing stm32l1xx_tim.o(i.TIM_GetCapture2), (68 bytes).
    Removing stm32l1xx_tim.o(i.TIM_GetCapture3), (60 bytes).
    Removing stm32l1xx_tim.o(i.TIM_GetCapture4), (60 bytes).
    Removing stm32l1xx_tim.o(i.TIM_GetCounter), (108 bytes).
    Removing stm32l1xx_tim.o(i.TIM_GetFlagStatus), (180 bytes).
    Removing stm32l1xx_tim.o(i.TIM_GetITStatus), (160 bytes).
    Removing stm32l1xx_tim.o(i.TIM_GetPrescaler), (108 bytes).
    Removing stm32l1xx_tim.o(i.TIM_ICInit), (376 bytes).
    Removing stm32l1xx_tim.o(i.TIM_ICStructInit), (16 bytes).
    Removing stm32l1xx_tim.o(i.TIM_ITConfig), (160 bytes).
    Removing stm32l1xx_tim.o(i.TIM_ITRxExternalClockConfig), (108 bytes).
    Removing stm32l1xx_tim.o(i.TIM_InternalClockConfig), (76 bytes).
    Removing stm32l1xx_tim.o(i.TIM_OC1FastConfig), (116 bytes).
    Removing stm32l1xx_tim.o(i.TIM_OC1Init), (204 bytes).
    Removing stm32l1xx_tim.o(i.TIM_OC1PolarityConfig), (116 bytes).
    Removing stm32l1xx_tim.o(i.TIM_OC1PreloadConfig), (116 bytes).
    Removing stm32l1xx_tim.o(i.TIM_OC2FastConfig), (104 bytes).
    Removing stm32l1xx_tim.o(i.TIM_OC2Init), (196 bytes).
    Removing stm32l1xx_tim.o(i.TIM_OC2PolarityConfig), (104 bytes).
    Removing stm32l1xx_tim.o(i.TIM_OC2PreloadConfig), (104 bytes).
    Removing stm32l1xx_tim.o(i.TIM_OC3FastConfig), (84 bytes).
    Removing stm32l1xx_tim.o(i.TIM_OC3Init), (180 bytes).
    Removing stm32l1xx_tim.o(i.TIM_OC3PolarityConfig), (92 bytes).
    Removing stm32l1xx_tim.o(i.TIM_OC3PreloadConfig), (84 bytes).
    Removing stm32l1xx_tim.o(i.TIM_OC4FastConfig), (92 bytes).
    Removing stm32l1xx_tim.o(i.TIM_OC4Init), (184 bytes).
    Removing stm32l1xx_tim.o(i.TIM_OC4PolarityConfig), (92 bytes).
    Removing stm32l1xx_tim.o(i.TIM_OC4PreloadConfig), (92 bytes).
    Removing stm32l1xx_tim.o(i.TIM_OCStructInit), (12 bytes).
    Removing stm32l1xx_tim.o(i.TIM_PWMIConfig), (172 bytes).
    Removing stm32l1xx_tim.o(i.TIM_PrescalerConfig), (132 bytes).
    Removing stm32l1xx_tim.o(i.TIM_RemapConfig), (184 bytes).
    Removing stm32l1xx_tim.o(i.TIM_SelectCCDMA), (96 bytes).
    Removing stm32l1xx_tim.o(i.TIM_SelectHallSensor), (96 bytes).
    Removing stm32l1xx_tim.o(i.TIM_SelectInputTrigger), (140 bytes).
    Removing stm32l1xx_tim.o(i.TIM_SelectMasterSlaveMode), (100 bytes).
    Removing stm32l1xx_tim.o(i.TIM_SelectOCREFClear), (88 bytes).
    Removing stm32l1xx_tim.o(i.TIM_SelectOCxM), (204 bytes).
    Removing stm32l1xx_tim.o(i.TIM_SelectOnePulseMode), (140 bytes).
    Removing stm32l1xx_tim.o(i.TIM_SelectOutputTrigger), (144 bytes).
    Removing stm32l1xx_tim.o(i.TIM_SelectSlaveMode), (108 bytes).
    Removing stm32l1xx_tim.o(i.TIM_SetAutoreload), (112 bytes).
    Removing stm32l1xx_tim.o(i.TIM_SetClockDivision), (128 bytes).
    Removing stm32l1xx_tim.o(i.TIM_SetCompare1), (92 bytes).
    Removing stm32l1xx_tim.o(i.TIM_SetCompare2), (72 bytes).
    Removing stm32l1xx_tim.o(i.TIM_SetCompare3), (60 bytes).
    Removing stm32l1xx_tim.o(i.TIM_SetCompare4), (60 bytes).
    Removing stm32l1xx_tim.o(i.TIM_SetCounter), (112 bytes).
    Removing stm32l1xx_tim.o(i.TIM_SetIC1Prescaler), (128 bytes).
    Removing stm32l1xx_tim.o(i.TIM_SetIC2Prescaler), (116 bytes).
    Removing stm32l1xx_tim.o(i.TIM_SetIC3Prescaler), (96 bytes).
    Removing stm32l1xx_tim.o(i.TIM_SetIC4Prescaler), (104 bytes).
    Removing stm32l1xx_tim.o(i.TIM_TIxExternalClockConfig), (156 bytes).
    Removing stm32l1xx_tim.o(i.TIM_TimeBaseInit), (228 bytes).
    Removing stm32l1xx_tim.o(i.TIM_TimeBaseStructInit), (16 bytes).
    Removing stm32l1xx_tim.o(i.TIM_UpdateDisableConfig), (144 bytes).
    Removing stm32l1xx_tim.o(i.TIM_UpdateRequestConfig), (144 bytes).
    Removing stm32l1xx_tim.o(.conststring), (69 bytes).
    Removing stm32l1xx_usart.o(.rev16_text), (4 bytes).
    Removing stm32l1xx_usart.o(.revsh_text), (4 bytes).
    Removing stm32l1xx_usart.o(i.USART_ClearFlag), (128 bytes).
    Removing stm32l1xx_usart.o(i.USART_ClearITPendingBit), (160 bytes).
    Removing stm32l1xx_usart.o(i.USART_ClockInit), (156 bytes).
    Removing stm32l1xx_usart.o(i.USART_ClockStructInit), (12 bytes).
    Removing stm32l1xx_usart.o(i.USART_DMACmd), (124 bytes).
    Removing stm32l1xx_usart.o(i.USART_DeInit), (208 bytes).
    Removing stm32l1xx_usart.o(i.USART_GetITStatus), (256 bytes).
    Removing stm32l1xx_usart.o(i.USART_HalfDuplexCmd), (108 bytes).
    Removing stm32l1xx_usart.o(i.USART_ITConfig), (252 bytes).
    Removing stm32l1xx_usart.o(i.USART_IrDACmd), (108 bytes).
    Removing stm32l1xx_usart.o(i.USART_IrDAConfig), (104 bytes).
    Removing stm32l1xx_usart.o(i.USART_LINBreakDetectLengthConfig), (104 bytes).
    Removing stm32l1xx_usart.o(i.USART_LINCmd), (108 bytes).
    Removing stm32l1xx_usart.o(i.USART_OneBitMethodCmd), (108 bytes).
    Removing stm32l1xx_usart.o(i.USART_OverSampling8Cmd), (108 bytes).
    Removing stm32l1xx_usart.o(i.USART_ReceiveData), (76 bytes).
    Removing stm32l1xx_usart.o(i.USART_ReceiverWakeUpCmd), (108 bytes).
    Removing stm32l1xx_usart.o(i.USART_SendBreak), (80 bytes).
    Removing stm32l1xx_usart.o(i.USART_SetAddress), (100 bytes).
    Removing stm32l1xx_usart.o(i.USART_SetGuardTime), (68 bytes).
    Removing stm32l1xx_usart.o(i.USART_SetPrescaler), (88 bytes).
    Removing stm32l1xx_usart.o(i.USART_SmartCardCmd), (88 bytes).
    Removing stm32l1xx_usart.o(i.USART_SmartCardNACKCmd), (88 bytes).
    Removing stm32l1xx_usart.o(i.USART_StructInit), (22 bytes).
    Removing stm32l1xx_usart.o(i.USART_WakeUpConfig), (104 bytes).
    Removing stm32l1xx_wwdg.o(.rev16_text), (4 bytes).
    Removing stm32l1xx_wwdg.o(.revsh_text), (4 bytes).
    Removing stm32l1xx_wwdg.o(i.WWDG_ClearFlag), (12 bytes).
    Removing stm32l1xx_wwdg.o(i.WWDG_DeInit), (24 bytes).
    Removing stm32l1xx_wwdg.o(i.WWDG_Enable), (40 bytes).
    Removing stm32l1xx_wwdg.o(i.WWDG_EnableIT), (12 bytes).
    Removing stm32l1xx_wwdg.o(i.WWDG_GetFlagStatus), (20 bytes).
    Removing stm32l1xx_wwdg.o(i.WWDG_SetCounter), (40 bytes).
    Removing stm32l1xx_wwdg.o(i.WWDG_SetPrescaler), (56 bytes).
    Removing stm32l1xx_wwdg.o(i.WWDG_SetWindowValue), (56 bytes).
    Removing stm32l1xx_wwdg.o(.conststring), (70 bytes).
    Removing stm32l1xx_nucleo.o(.rev16_text), (4 bytes).
    Removing stm32l1xx_nucleo.o(.revsh_text), (4 bytes).
    Removing stm32l1xx_nucleo.o(i.STM_EVAL_LEDInit), (76 bytes).
    Removing stm32l1xx_nucleo.o(i.STM_EVAL_LEDOff), (24 bytes).
    Removing stm32l1xx_nucleo.o(i.STM_EVAL_LEDOn), (24 bytes).
    Removing stm32l1xx_nucleo.o(i.STM_EVAL_LEDToggle), (28 bytes).
    Removing stm32l1xx_nucleo.o(i.STM_EVAL_PBGetState), (24 bytes).
    Removing stm32l1xx_nucleo.o(i.adc_SPI_LowLevel_DeInit), (180 bytes).
    Removing stm32l1xx_nucleo.o(i.uni_SPI_LowLevel_DeInit), (128 bytes).
    Removing main.o(.rev16_text), (4 bytes).
    Removing main.o(.revsh_text), (4 bytes).
    Removing stm32l1xx_it.o(.rev16_text), (4 bytes).
    Removing stm32l1xx_it.o(.revsh_text), (4 bytes).
    Removing system_stm32l1xx.o(.rev16_text), (4 bytes).
    Removing system_stm32l1xx.o(.revsh_text), (4 bytes).
    Removing system_stm32l1xx.o(i.SystemCoreClockUpdate), (192 bytes).
    Removing system_stm32l1xx.o(.data), (29 bytes).
    Removing stm32l1xx_ip_dbg.o(.rev16_text), (4 bytes).
    Removing stm32l1xx_ip_dbg.o(.revsh_text), (4 bytes).
    Removing stm32l1xx_ip_dbg.o(.data), (4 bytes).
    Removing uni_spi.o(.rev16_text), (4 bytes).
    Removing uni_spi.o(.revsh_text), (4 bytes).
    Removing uni_spi.o(i.uni_DeInit), (4 bytes).
    Removing uni_spi.o(i.uni_ReadByte), (8 bytes).
    Removing ltc6953_master.o(.rev16_text), (4 bytes).
    Removing ltc6953_master.o(.revsh_text), (4 bytes).
    Removing ltc6953_master.o(i.ltc6952_aux_fp_sysref), (76 bytes).
    Removing ltc6953_master.o(i.ltc6952_aux_lp_sysref), (76 bytes).
    Removing ltc6953_master.o(i.ltc6952_perform_sysref), (128 bytes).
    Removing ltc6953_master.o(.conststring), (151 bytes).
    Removing ltc6952_aux.o(.rev16_text), (4 bytes).
    Removing ltc6952_aux.o(.revsh_text), (4 bytes).
    Removing adc_spi.o(.rev16_text), (4 bytes).
    Removing adc_spi.o(.revsh_text), (4 bytes).
    Removing adc_spi.o(i.adc_ReadBuffer), (106 bytes).
    Removing adc_spi.o(i.adc_SPI_DeInit), (4 bytes).
    Removing adc_spi.o(i.adc_WriteBuffer), (62 bytes).
    Removing ad9250.o(.rev16_text), (4 bytes).
    Removing ad9250.o(.revsh_text), (4 bytes).
    Removing ad9250.o(i.ad9250_bist_enable), (48 bytes).
    Removing ad9250.o(i.ad9250_bist_reset), (52 bytes).
    Removing ad9250.o(i.ad9250_chip_pwr_mode), (38 bytes).
    Removing ad9250.o(i.ad9250_dcc_bandwidth), (40 bytes).
    Removing ad9250.o(i.ad9250_dcc_enable), (52 bytes).
    Removing ad9250.o(i.ad9250_dcc_freeze), (52 bytes).
    Removing ad9250.o(i.ad9250_jesd204b_pwr_mode), (38 bytes).
    Removing ad9250.o(i.ad9250_offset_adj), (32 bytes).
    Removing ad9250.o(i.ad9250_output_disable), (48 bytes).
    Removing ad9250.o(i.ad9250_output_format), (48 bytes).
    Removing ad9250.o(i.ad9250_output_invert), (48 bytes).
    Removing ad9250.o(i.ad9250_remove), (10 bytes).
    Removing ad9250.o(i.ad9250_reset_pn23), (52 bytes).
    Removing ad9250.o(i.ad9250_reset_pn9), (52 bytes).
    Removing ad9250.o(i.ad9250_select_channel_for_config), (40 bytes).
    Removing ad9250.o(i.ad9250_set_user_pattern), (12 bytes).
    Removing ad9250.o(i.ad9250_test_mode), (48 bytes).
    Removing dadd.o(.text), (334 bytes).
    Removing dmul.o(.text), (228 bytes).
    Removing ddiv.o(.text), (222 bytes).
    Removing dfixul.o(.text), (48 bytes).
    Removing cdrcmple.o(.text), (48 bytes).
    Removing depilogue.o(.text), (186 bytes).

663 unused section(s) (total 53951 bytes) removed from the image.

==============================================================================

Image Symbol Table

    Local Symbols

    Symbol Name                              Value     Ov Type        Size  Object(Section)

    ../clib/../cmprslib/zerorunl2.c          0x00000000   Number         0  __dczerorl2.o ABSOLUTE
    ../clib/microlib/division.c              0x00000000   Number         0  uidiv.o ABSOLUTE
    ../clib/microlib/division.c              0x00000000   Number         0  uldiv.o ABSOLUTE
    ../clib/microlib/init/entry.s            0x00000000   Number         0  entry7b.o ABSOLUTE
    ../clib/microlib/init/entry.s            0x00000000   Number         0  entry.o ABSOLUTE
    ../clib/microlib/init/entry.s            0x00000000   Number         0  entry8a.o ABSOLUTE
    ../clib/microlib/init/entry.s            0x00000000   Number         0  entry11b.o ABSOLUTE
    ../clib/microlib/init/entry.s            0x00000000   Number         0  entry10b.o ABSOLUTE
    ../clib/microlib/init/entry.s            0x00000000   Number         0  entry8b.o ABSOLUTE
    ../clib/microlib/init/entry.s            0x00000000   Number         0  entry9a.o ABSOLUTE
    ../clib/microlib/init/entry.s            0x00000000   Number         0  entry11a.o ABSOLUTE
    ../clib/microlib/init/entry.s            0x00000000   Number         0  entry2.o ABSOLUTE
    ../clib/microlib/init/entry.s            0x00000000   Number         0  entry9b.o ABSOLUTE
    ../clib/microlib/init/entry.s            0x00000000   Number         0  entry5.o ABSOLUTE
    ../clib/microlib/init/entry.s            0x00000000   Number         0  entry7a.o ABSOLUTE
    ../clib/microlib/init/entry.s            0x00000000   Number         0  entry10a.o ABSOLUTE
    ../clib/microlib/longlong.c              0x00000000   Number         0  llushr.o ABSOLUTE
    ../clib/microlib/longlong.c              0x00000000   Number         0  llsshr.o ABSOLUTE
    ../clib/microlib/longlong.c              0x00000000   Number         0  llshl.o ABSOLUTE
    ../clib/microlib/malloc/malloc.c         0x00000000   Number         0  mallocr.o ABSOLUTE
    ../clib/microlib/malloc/malloc.c         0x00000000   Number         0  malloc.o ABSOLUTE
    ../clib/microlib/malloc/malloc.c         0x00000000   Number         0  malloca.o ABSOLUTE
    ../clib/microlib/malloc/malloc.c         0x00000000   Number         0  mallocra.o ABSOLUTE
    ../clib/microlib/malloc/mvars.c          0x00000000   Number         0  mvars.o ABSOLUTE
    ../clib/microlib/printf/printf.c         0x00000000   Number         0  printf8.o ABSOLUTE
    ../clib/microlib/printf/printf.c         0x00000000   Number         0  printfb.o ABSOLUTE
    ../clib/microlib/printf/printf.c         0x00000000   Number         0  printf6.o ABSOLUTE
    ../clib/microlib/printf/printf.c         0x00000000   Number         0  printf4.o ABSOLUTE
    ../clib/microlib/printf/printf.c         0x00000000   Number         0  printfa.o ABSOLUTE
    ../clib/microlib/printf/printf.c         0x00000000   Number         0  printf1.o ABSOLUTE
    ../clib/microlib/printf/printf.c         0x00000000   Number         0  printf0.o ABSOLUTE
    ../clib/microlib/printf/printf.c         0x00000000   Number         0  printf5.o ABSOLUTE
    ../clib/microlib/printf/printf.c         0x00000000   Number         0  printf7.o ABSOLUTE
    ../clib/microlib/printf/printf.c         0x00000000   Number         0  printf3.o ABSOLUTE
    ../clib/microlib/printf/printf.c         0x00000000   Number         0  printf2.o ABSOLUTE
    ../clib/microlib/printf/stubs.s          0x00000000   Number         0  stubs.o ABSOLUTE
    ../clib/microlib/stdio/streams.c         0x00000000   Number         0  stdout.o ABSOLUTE
    ../clib/microlib/string/memcpy.c         0x00000000   Number         0  memcpyb.o ABSOLUTE
    ../clib/microlib/string/memcpy.c         0x00000000   Number         0  memcpya.o ABSOLUTE
    ../clib/microlib/stubs.s                 0x00000000   Number         0  iusefp.o ABSOLUTE
    ../fplib/microlib/fpadd.c                0x00000000   Number         0  dadd.o ABSOLUTE
    ../fplib/microlib/fpdiv.c                0x00000000   Number         0  ddiv.o ABSOLUTE
    ../fplib/microlib/fpepilogue.c           0x00000000   Number         0  depilogue.o ABSOLUTE
    ../fplib/microlib/fpfix.c                0x00000000   Number         0  dfixul.o ABSOLUTE
    ../fplib/microlib/fpmul.c                0x00000000   Number         0  dmul.o ABSOLUTE
    ..\..\..\..\Libraries\CMSIS\Device\ST\STM32L1xx\Source\Templates\arm\startup_stm32l1xx_xl.s 0x00000000   Number         0  startup_stm32l1xx_xl.o ABSOLUTE
    ..\..\..\..\Libraries\STM32L1xx_StdPeriph_Driver\src\misc.c 0x00000000   Number         0  misc.o ABSOLUTE
    ..\..\..\..\Libraries\STM32L1xx_StdPeriph_Driver\src\stm32l1xx_adc.c 0x00000000   Number         0  stm32l1xx_adc.o ABSOLUTE
    ..\..\..\..\Libraries\STM32L1xx_StdPeriph_Driver\src\stm32l1xx_aes.c 0x00000000   Number         0  stm32l1xx_aes.o ABSOLUTE
    ..\..\..\..\Libraries\STM32L1xx_StdPeriph_Driver\src\stm32l1xx_aes_util.c 0x00000000   Number         0  stm32l1xx_aes_util.o ABSOLUTE
    ..\..\..\..\Libraries\STM32L1xx_StdPeriph_Driver\src\stm32l1xx_comp.c 0x00000000   Number         0  stm32l1xx_comp.o ABSOLUTE
    ..\..\..\..\Libraries\STM32L1xx_StdPeriph_Driver\src\stm32l1xx_crc.c 0x00000000   Number         0  stm32l1xx_crc.o ABSOLUTE
    ..\..\..\..\Libraries\STM32L1xx_StdPeriph_Driver\src\stm32l1xx_dac.c 0x00000000   Number         0  stm32l1xx_dac.o ABSOLUTE
    ..\..\..\..\Libraries\STM32L1xx_StdPeriph_Driver\src\stm32l1xx_dbgmcu.c 0x00000000   Number         0  stm32l1xx_dbgmcu.o ABSOLUTE
    ..\..\..\..\Libraries\STM32L1xx_StdPeriph_Driver\src\stm32l1xx_dma.c 0x00000000   Number         0  stm32l1xx_dma.o ABSOLUTE
    ..\..\..\..\Libraries\STM32L1xx_StdPeriph_Driver\src\stm32l1xx_exti.c 0x00000000   Number         0  stm32l1xx_exti.o ABSOLUTE
    ..\..\..\..\Libraries\STM32L1xx_StdPeriph_Driver\src\stm32l1xx_flash.c 0x00000000   Number         0  stm32l1xx_flash.o ABSOLUTE
    ..\..\..\..\Libraries\STM32L1xx_StdPeriph_Driver\src\stm32l1xx_flash_ramfunc.c 0x00000000   Number         0  stm32l1xx_flash_ramfunc.o ABSOLUTE
    ..\..\..\..\Libraries\STM32L1xx_StdPeriph_Driver\src\stm32l1xx_fsmc.c 0x00000000   Number         0  stm32l1xx_fsmc.o ABSOLUTE
    ..\..\..\..\Libraries\STM32L1xx_StdPeriph_Driver\src\stm32l1xx_gpio.c 0x00000000   Number         0  stm32l1xx_gpio.o ABSOLUTE
    ..\..\..\..\Libraries\STM32L1xx_StdPeriph_Driver\src\stm32l1xx_i2c.c 0x00000000   Number         0  stm32l1xx_i2c.o ABSOLUTE
    ..\..\..\..\Libraries\STM32L1xx_StdPeriph_Driver\src\stm32l1xx_iwdg.c 0x00000000   Number         0  stm32l1xx_iwdg.o ABSOLUTE
    ..\..\..\..\Libraries\STM32L1xx_StdPeriph_Driver\src\stm32l1xx_lcd.c 0x00000000   Number         0  stm32l1xx_lcd.o ABSOLUTE
    ..\..\..\..\Libraries\STM32L1xx_StdPeriph_Driver\src\stm32l1xx_opamp.c 0x00000000   Number         0  stm32l1xx_opamp.o ABSOLUTE
    ..\..\..\..\Libraries\STM32L1xx_StdPeriph_Driver\src\stm32l1xx_pwr.c 0x00000000   Number         0  stm32l1xx_pwr.o ABSOLUTE
    ..\..\..\..\Libraries\STM32L1xx_StdPeriph_Driver\src\stm32l1xx_rcc.c 0x00000000   Number         0  stm32l1xx_rcc.o ABSOLUTE
    ..\..\..\..\Libraries\STM32L1xx_StdPeriph_Driver\src\stm32l1xx_rtc.c 0x00000000   Number         0  stm32l1xx_rtc.o ABSOLUTE
    ..\..\..\..\Libraries\STM32L1xx_StdPeriph_Driver\src\stm32l1xx_sdio.c 0x00000000   Number         0  stm32l1xx_sdio.o ABSOLUTE
    ..\..\..\..\Libraries\STM32L1xx_StdPeriph_Driver\src\stm32l1xx_spi.c 0x00000000   Number         0  stm32l1xx_spi.o ABSOLUTE
    ..\..\..\..\Libraries\STM32L1xx_StdPeriph_Driver\src\stm32l1xx_syscfg.c 0x00000000   Number         0  stm32l1xx_syscfg.o ABSOLUTE
    ..\..\..\..\Libraries\STM32L1xx_StdPeriph_Driver\src\stm32l1xx_tim.c 0x00000000   Number         0  stm32l1xx_tim.o ABSOLUTE
    ..\..\..\..\Libraries\STM32L1xx_StdPeriph_Driver\src\stm32l1xx_usart.c 0x00000000   Number         0  stm32l1xx_usart.o ABSOLUTE
    ..\..\..\..\Libraries\STM32L1xx_StdPeriph_Driver\src\stm32l1xx_wwdg.c 0x00000000   Number         0  stm32l1xx_wwdg.o ABSOLUTE
    ..\..\..\..\Utilities\STM32_Nucleo\stm32l1xx\stm32l1xx_nucleo.c 0x00000000   Number         0  stm32l1xx_nucleo.o ABSOLUTE
    ..\\..\\..\\..\\Libraries\\STM32L1xx_StdPeriph_Driver\\src\\misc.c 0x00000000   Number         0  misc.o ABSOLUTE
    ..\\..\\..\\..\\Libraries\\STM32L1xx_StdPeriph_Driver\\src\\stm32l1xx_adc.c 0x00000000   Number         0  stm32l1xx_adc.o ABSOLUTE
    ..\\..\\..\\..\\Libraries\\STM32L1xx_StdPeriph_Driver\\src\\stm32l1xx_aes.c 0x00000000   Number         0  stm32l1xx_aes.o ABSOLUTE
    ..\\..\\..\\..\\Libraries\\STM32L1xx_StdPeriph_Driver\\src\\stm32l1xx_aes_util.c 0x00000000   Number         0  stm32l1xx_aes_util.o ABSOLUTE
    ..\\..\\..\\..\\Libraries\\STM32L1xx_StdPeriph_Driver\\src\\stm32l1xx_comp.c 0x00000000   Number         0  stm32l1xx_comp.o ABSOLUTE
    ..\\..\\..\\..\\Libraries\\STM32L1xx_StdPeriph_Driver\\src\\stm32l1xx_crc.c 0x00000000   Number         0  stm32l1xx_crc.o ABSOLUTE
    ..\\..\\..\\..\\Libraries\\STM32L1xx_StdPeriph_Driver\\src\\stm32l1xx_dac.c 0x00000000   Number         0  stm32l1xx_dac.o ABSOLUTE
    ..\\..\\..\\..\\Libraries\\STM32L1xx_StdPeriph_Driver\\src\\stm32l1xx_dbgmcu.c 0x00000000   Number         0  stm32l1xx_dbgmcu.o ABSOLUTE
    ..\\..\\..\\..\\Libraries\\STM32L1xx_StdPeriph_Driver\\src\\stm32l1xx_dma.c 0x00000000   Number         0  stm32l1xx_dma.o ABSOLUTE
    ..\\..\\..\\..\\Libraries\\STM32L1xx_StdPeriph_Driver\\src\\stm32l1xx_exti.c 0x00000000   Number         0  stm32l1xx_exti.o ABSOLUTE
    ..\\..\\..\\..\\Libraries\\STM32L1xx_StdPeriph_Driver\\src\\stm32l1xx_flash.c 0x00000000   Number         0  stm32l1xx_flash.o ABSOLUTE
    ..\\..\\..\\..\\Libraries\\STM32L1xx_StdPeriph_Driver\\src\\stm32l1xx_flash_ramfunc.c 0x00000000   Number         0  stm32l1xx_flash_ramfunc.o ABSOLUTE
    ..\\..\\..\\..\\Libraries\\STM32L1xx_StdPeriph_Driver\\src\\stm32l1xx_fsmc.c 0x00000000   Number         0  stm32l1xx_fsmc.o ABSOLUTE
    ..\\..\\..\\..\\Libraries\\STM32L1xx_StdPeriph_Driver\\src\\stm32l1xx_gpio.c 0x00000000   Number         0  stm32l1xx_gpio.o ABSOLUTE
    ..\\..\\..\\..\\Libraries\\STM32L1xx_StdPeriph_Driver\\src\\stm32l1xx_i2c.c 0x00000000   Number         0  stm32l1xx_i2c.o ABSOLUTE
    ..\\..\\..\\..\\Libraries\\STM32L1xx_StdPeriph_Driver\\src\\stm32l1xx_iwdg.c 0x00000000   Number         0  stm32l1xx_iwdg.o ABSOLUTE
    ..\\..\\..\\..\\Libraries\\STM32L1xx_StdPeriph_Driver\\src\\stm32l1xx_lcd.c 0x00000000   Number         0  stm32l1xx_lcd.o ABSOLUTE
    ..\\..\\..\\..\\Libraries\\STM32L1xx_StdPeriph_Driver\\src\\stm32l1xx_opamp.c 0x00000000   Number         0  stm32l1xx_opamp.o ABSOLUTE
    ..\\..\\..\\..\\Libraries\\STM32L1xx_StdPeriph_Driver\\src\\stm32l1xx_pwr.c 0x00000000   Number         0  stm32l1xx_pwr.o ABSOLUTE
    ..\\..\\..\\..\\Libraries\\STM32L1xx_StdPeriph_Driver\\src\\stm32l1xx_rcc.c 0x00000000   Number         0  stm32l1xx_rcc.o ABSOLUTE
    ..\\..\\..\\..\\Libraries\\STM32L1xx_StdPeriph_Driver\\src\\stm32l1xx_rtc.c 0x00000000   Number         0  stm32l1xx_rtc.o ABSOLUTE
    ..\\..\\..\\..\\Libraries\\STM32L1xx_StdPeriph_Driver\\src\\stm32l1xx_sdio.c 0x00000000   Number         0  stm32l1xx_sdio.o ABSOLUTE
    ..\\..\\..\\..\\Libraries\\STM32L1xx_StdPeriph_Driver\\src\\stm32l1xx_spi.c 0x00000000   Number         0  stm32l1xx_spi.o ABSOLUTE
    ..\\..\\..\\..\\Libraries\\STM32L1xx_StdPeriph_Driver\\src\\stm32l1xx_syscfg.c 0x00000000   Number         0  stm32l1xx_syscfg.o ABSOLUTE
    ..\\..\\..\\..\\Libraries\\STM32L1xx_StdPeriph_Driver\\src\\stm32l1xx_tim.c 0x00000000   Number         0  stm32l1xx_tim.o ABSOLUTE
    ..\\..\\..\\..\\Libraries\\STM32L1xx_StdPeriph_Driver\\src\\stm32l1xx_usart.c 0x00000000   Number         0  stm32l1xx_usart.o ABSOLUTE
    ..\\..\\..\\..\\Libraries\\STM32L1xx_StdPeriph_Driver\\src\\stm32l1xx_wwdg.c 0x00000000   Number         0  stm32l1xx_wwdg.o ABSOLUTE
    ..\\..\\..\\..\\Utilities\\STM32_Nucleo\\stm32l1xx\\stm32l1xx_nucleo.c 0x00000000   Number         0  stm32l1xx_nucleo.o ABSOLUTE
    ..\\ad9250.c                             0x00000000   Number         0  ad9250.o ABSOLUTE
    ..\\ltc6952_aux.c                        0x00000000   Number         0  ltc6952_aux.o ABSOLUTE
    ..\\ltc6953_master.c                     0x00000000   Number         0  ltc6953_master.o ABSOLUTE
    ..\\main.c                               0x00000000   Number         0  main.o ABSOLUTE
    ..\\stm32l1xx_ip_dbg.c                   0x00000000   Number         0  stm32l1xx_ip_dbg.o ABSOLUTE
    ..\\stm32l1xx_it.c                       0x00000000   Number         0  stm32l1xx_it.o ABSOLUTE
    ..\\system_stm32l1xx.c                   0x00000000   Number         0  system_stm32l1xx.o ABSOLUTE
    ..\\uni_spi.c                            0x00000000   Number         0  uni_spi.o ABSOLUTE
    ..\ad9250.c                              0x00000000   Number         0  ad9250.o ABSOLUTE
    ..\ltc6952_aux.c                         0x00000000   Number         0  ltc6952_aux.o ABSOLUTE
    ..\ltc6953_master.c                      0x00000000   Number         0  ltc6953_master.o ABSOLUTE
    ..\main.c                                0x00000000   Number         0  main.o ABSOLUTE
    ..\stm32l1xx_ip_dbg.c                    0x00000000   Number         0  stm32l1xx_ip_dbg.o ABSOLUTE
    ..\stm32l1xx_it.c                        0x00000000   Number         0  stm32l1xx_it.o ABSOLUTE
    ..\system_stm32l1xx.c                    0x00000000   Number         0  system_stm32l1xx.o ABSOLUTE
    ..\uni_spi.c                             0x00000000   Number         0  uni_spi.o ABSOLUTE
    adc_spi.c                                0x00000000   Number         0  adc_spi.o ABSOLUTE
    adc_spi.c                                0x00000000   Number         0  adc_spi.o ABSOLUTE
    cdrcmple.s                               0x00000000   Number         0  cdrcmple.o ABSOLUTE
    dc.s                                     0x00000000   Number         0  dc.o ABSOLUTE
    handlers.s                               0x00000000   Number         0  handlers.o ABSOLUTE
    init.s                                   0x00000000   Number         0  init.o ABSOLUTE
    RESET                                    0x08000000   Section      292  startup_stm32l1xx_xl.o(RESET)
    .ARM.Collect$$$$00000000                 0x08000124   Section        0  entry.o(.ARM.Collect$$$$00000000)
    .ARM.Collect$$$$00000001                 0x08000124   Section        4  entry2.o(.ARM.Collect$$$$00000001)
    .ARM.Collect$$$$00000004                 0x08000128   Section        4  entry5.o(.ARM.Collect$$$$00000004)
    .ARM.Collect$$$$00000008                 0x0800012c   Section        0  entry7b.o(.ARM.Collect$$$$00000008)
    .ARM.Collect$$$$0000000A                 0x0800012c   Section        0  entry8b.o(.ARM.Collect$$$$0000000A)
    .ARM.Collect$$$$0000000B                 0x0800012c   Section        8  entry9a.o(.ARM.Collect$$$$0000000B)
    .ARM.Collect$$$$0000000D                 0x08000134   Section        0  entry10a.o(.ARM.Collect$$$$0000000D)
    .ARM.Collect$$$$0000000F                 0x08000134   Section        0  entry11a.o(.ARM.Collect$$$$0000000F)
    .ARM.Collect$$$$00002712                 0x08000134   Section        4  entry2.o(.ARM.Collect$$$$00002712)
    __lit__00000000                          0x08000134   Data           4  entry2.o(.ARM.Collect$$$$00002712)
    .text                                    0x08000138   Section       36  startup_stm32l1xx_xl.o(.text)
    .text                                    0x0800015c   Section        0  uldiv.o(.text)
    .text                                    0x080001c0   Section       36  init.o(.text)
    .text                                    0x080001e4   Section        0  llshl.o(.text)
    .text                                    0x08000202   Section        0  llushr.o(.text)
    .text                                    0x08000222   Section        0  __dczerorl2.o(.text)
    i.BusFault_Handler                       0x08000278   Section        0  stm32l1xx_it.o(i.BusFault_Handler)
    i.DebugMon_Handler                       0x0800027a   Section        0  stm32l1xx_it.o(i.DebugMon_Handler)
    i.Delay                                  0x0800027c   Section        0  main.o(i.Delay)
    i.EXTI15_10_IRQHandler                   0x08000294   Section        0  stm32l1xx_it.o(i.EXTI15_10_IRQHandler)
    i.EXTI_ClearITPendingBit                 0x080002d8   Section        0  stm32l1xx_exti.o(i.EXTI_ClearITPendingBit)
    i.EXTI_GetITStatus                       0x080002fc   Section        0  stm32l1xx_exti.o(i.EXTI_GetITStatus)
    i.EXTI_Init                              0x080003a4   Section        0  stm32l1xx_exti.o(i.EXTI_Init)
    i.Force_Sync_GPIOInit                    0x0800047c   Section        0  stm32l1xx_nucleo.o(i.Force_Sync_GPIOInit)
    i.GPIO_Init                              0x080004b4   Section        0  stm32l1xx_gpio.o(i.GPIO_Init)
    i.GPIO_PinAFConfig                       0x080005e4   Section        0  stm32l1xx_gpio.o(i.GPIO_PinAFConfig)
    i.GPIO_ResetBits                         0x080006f8   Section        0  stm32l1xx_gpio.o(i.GPIO_ResetBits)
    i.GPIO_SetBits                           0x0800076c   Section        0  stm32l1xx_gpio.o(i.GPIO_SetBits)
    i.HardFault_Handler                      0x080007e0   Section        0  stm32l1xx_it.o(i.HardFault_Handler)
    i.IP_Debug                               0x080007e4   Section        0  stm32l1xx_ip_dbg.o(i.IP_Debug)
    i.MemManage_Handler                      0x08000a3c   Section        0  stm32l1xx_it.o(i.MemManage_Handler)
    i.NMI_Handler                            0x08000a3e   Section        0  stm32l1xx_it.o(i.NMI_Handler)
    i.NVIC_Init                              0x08000a40   Section        0  misc.o(i.NVIC_Init)
    i.PendSV_Handler                         0x08000b18   Section        0  stm32l1xx_it.o(i.PendSV_Handler)
    i.RCC_AHBPeriphClockCmd                  0x08000b1c   Section        0  stm32l1xx_rcc.o(i.RCC_AHBPeriphClockCmd)
    i.RCC_APB1PeriphClockCmd                 0x08000b64   Section        0  stm32l1xx_rcc.o(i.RCC_APB1PeriphClockCmd)
    i.RCC_APB2PeriphClockCmd                 0x08000bac   Section        0  stm32l1xx_rcc.o(i.RCC_APB2PeriphClockCmd)
    i.RCC_GetClocksFreq                      0x08000bf4   Section        0  stm32l1xx_rcc.o(i.RCC_GetClocksFreq)
    i.SPI_BiDirectionalLineConfig            0x08000cd0   Section        0  stm32l1xx_spi.o(i.SPI_BiDirectionalLineConfig)
    i.SPI_Cmd                                0x08000d34   Section        0  stm32l1xx_spi.o(i.SPI_Cmd)
    i.SPI_I2S_GetFlagStatus                  0x08000d8c   Section        0  stm32l1xx_spi.o(i.SPI_I2S_GetFlagStatus)
    i.SPI_I2S_ReceiveData                    0x08000dfc   Section        0  stm32l1xx_spi.o(i.SPI_I2S_ReceiveData)
    i.SPI_I2S_SendData                       0x08000e30   Section        0  stm32l1xx_spi.o(i.SPI_I2S_SendData)
    i.SPI_Init                               0x08000e68   Section        0  stm32l1xx_spi.o(i.SPI_Init)
    i.STM_EVAL_COMInit                       0x08000f88   Section        0  stm32l1xx_nucleo.o(i.STM_EVAL_COMInit)
    i.STM_EVAL_PBInit                        0x0800104c   Section        0  stm32l1xx_nucleo.o(i.STM_EVAL_PBInit)
    i.STM_USART_DEBUG_Init                   0x080010ec   Section        0  stm32l1xx_nucleo.o(i.STM_USART_DEBUG_Init)
    i.SVC_Handler                            0x08001118   Section        0  stm32l1xx_it.o(i.SVC_Handler)
    i.SYSCFG_EXTILineConfig                  0x0800111c   Section        0  stm32l1xx_syscfg.o(i.SYSCFG_EXTILineConfig)
    i.SetSysClock                            0x080011c0   Section        0  system_stm32l1xx.o(i.SetSysClock)
    SetSysClock                              0x080011c1   Thumb Code   188  system_stm32l1xx.o(i.SetSysClock)
    i.SysTick_Handler                        0x08001290   Section        0  stm32l1xx_it.o(i.SysTick_Handler)
    i.SystemInit                             0x08001294   Section        0  system_stm32l1xx.o(i.SystemInit)
    i.TimingDelay_Decrement                  0x080012ec   Section        0  main.o(i.TimingDelay_Decrement)
    i.USART_Cmd                              0x08001300   Section        0  stm32l1xx_usart.o(i.USART_Cmd)
    i.USART_GetFlagStatus                    0x0800136c   Section        0  stm32l1xx_usart.o(i.USART_GetFlagStatus)
    i.USART_Init                             0x0800141c   Section        0  stm32l1xx_usart.o(i.USART_Init)
    i.USART_SendData                         0x080015c4   Section        0  stm32l1xx_usart.o(i.USART_SendData)
    i.UsageFault_Handler                     0x08001624   Section        0  stm32l1xx_it.o(i.UsageFault_Handler)
    i.__0printf$8                            0x08001628   Section        0  printf8.o(i.__0printf$8)
    i.__scatterload_copy                     0x08001648   Section       14  handlers.o(i.__scatterload_copy)
    i.__scatterload_null                     0x08001656   Section        2  handlers.o(i.__scatterload_null)
    i.__scatterload_zeroinit                 0x08001658   Section       14  handlers.o(i.__scatterload_zeroinit)
    i._printf_core                           0x08001668   Section        0  printf8.o(i._printf_core)
    _printf_core                             0x08001669   Thumb Code   996  printf8.o(i._printf_core)
    i._printf_post_padding                   0x08001a78   Section        0  printf8.o(i._printf_post_padding)
    _printf_post_padding                     0x08001a79   Thumb Code    36  printf8.o(i._printf_post_padding)
    i._printf_pre_padding                    0x08001a9c   Section        0  printf8.o(i._printf_pre_padding)
    _printf_pre_padding                      0x08001a9d   Thumb Code    46  printf8.o(i._printf_pre_padding)
    i.ad9250_config_print                    0x08001acc   Section        0  ad9250.o(i.ad9250_config_print)
    i.ad9250_create                          0x08001af4   Section        0  ad9250.o(i.ad9250_create)
    i.ad9250_fast_detect_setup               0x08001b20   Section        0  ad9250.o(i.ad9250_fast_detect_setup)
    i.ad9250_is_shadow_register              0x08001ba0   Section        0  ad9250.o(i.ad9250_is_shadow_register)
    i.ad9250_jesd204b_invert_logic           0x08001ba6   Section        0  ad9250.o(i.ad9250_jesd204b_invert_logic)
    i.ad9250_jesd204b_select_test_injection_point 0x08001bd0   Section        0  ad9250.o(i.ad9250_jesd204b_select_test_injection_point)
    i.ad9250_jesd204b_set_frames             0x08001bfe   Section        0  ad9250.o(i.ad9250_jesd204b_set_frames)
    i.ad9250_jesd204b_setup                  0x08001c48   Section        0  ad9250.o(i.ad9250_jesd204b_setup)
    i.ad9250_jesd204b_test_mode              0x08001e74   Section        0  ad9250.o(i.ad9250_jesd204b_test_mode)
    i.ad9250_read                            0x08001ea0   Section        0  ad9250.o(i.ad9250_read)
    i.ad9250_set_bits_to_reg                 0x08001ef4   Section        0  ad9250.o(i.ad9250_set_bits_to_reg)
    i.ad9250_setup                           0x08001f38   Section        0  ad9250.o(i.ad9250_setup)
    i.ad9250_soft_reset                      0x08002004   Section        0  ad9250.o(i.ad9250_soft_reset)
    i.ad9250_transfer                        0x0800202c   Section        0  ad9250.o(i.ad9250_transfer)
    i.ad9250_write                           0x08002074   Section        0  ad9250.o(i.ad9250_write)
    i.adc_ReadStatusRegister                 0x080020d0   Section        0  adc_spi.o(i.adc_ReadStatusRegister)
    i.adc_SPI_Init                           0x08002148   Section        0  adc_spi.o(i.adc_SPI_Init)
    i.adc_SPI_LowLevel_AlterDirection        0x08002160   Section        0  stm32l1xx_nucleo.o(i.adc_SPI_LowLevel_AlterDirection)
    i.adc_SPI_LowLevel_Init                  0x08002180   Section        0  stm32l1xx_nucleo.o(i.adc_SPI_LowLevel_Init)
    i.adc_SendByte                           0x080022bc   Section        0  adc_spi.o(i.adc_SendByte)
    i.adc_SendDummyByte                      0x080022e0   Section        0  adc_spi.o(i.adc_SendDummyByte)
    i.adc_WriteStatusRegister                0x08002300   Section        0  adc_spi.o(i.adc_WriteStatusRegister)
    i.adc_set_cs_high                        0x08002364   Section        0  adc_spi.o(i.adc_set_cs_high)
    i.adc_set_cs_low                         0x080023d0   Section        0  adc_spi.o(i.adc_set_cs_low)
    i.assert_failed                          0x0800243c   Section        0  main.o(i.assert_failed)
    i.fputc                                  0x080024a8   Section        0  main.o(i.fputc)
    i.ltc6952_aux_config_global              0x080024f4   Section        0  ltc6952_aux.o(i.ltc6952_aux_config_global)
    i.ltc6952_aux_config_out_dclk            0x080026f4   Section        0  ltc6952_aux.o(i.ltc6952_aux_config_out_dclk)
    i.ltc6952_aux_config_out_sysref          0x080028e0   Section        0  ltc6952_aux.o(i.ltc6952_aux_config_out_sysref)
    i.ltc6952_aux_config_srq                 0x08002ac8   Section        0  ltc6952_aux.o(i.ltc6952_aux_config_srq)
    i.ltc6952_aux_detect                     0x08002c50   Section        0  ltc6952_aux.o(i.ltc6952_aux_detect)
    i.ltc6952_aux_isConsistent               0x08002cc8   Section        0  ltc6952_aux.o(i.ltc6952_aux_isConsistent)
    i.ltc6952_aux_isOkay                     0x08002cfc   Section        0  ltc6952_aux.o(i.ltc6952_aux_isOkay)
    i.ltc6953_master_aux_sync                0x08002d9c   Section        0  ltc6953_master.o(i.ltc6953_master_aux_sync)
    i.ltc6953_master_config_global           0x08002e94   Section        0  ltc6953_master.o(i.ltc6953_master_config_global)
    i.ltc6953_master_config_outs             0x08002ff8   Section        0  ltc6953_master.o(i.ltc6953_master_config_outs)
    i.ltc6953_master_config_srq              0x08003534   Section        0  ltc6953_master.o(i.ltc6953_master_config_srq)
    i.ltc6953_master_detect                  0x08003684   Section        0  ltc6953_master.o(i.ltc6953_master_detect)
    i.ltc6953_master_isConsistent            0x08003724   Section        0  ltc6953_master.o(i.ltc6953_master_isConsistent)
    i.ltc6953_master_isOkay                  0x08003758   Section        0  ltc6953_master.o(i.ltc6953_master_isOkay)
    i.main                                   0x080037d8   Section        0  main.o(i.main)
    i.spi_readbyte_glue                      0x08003bf0   Section        0  ad9250.o(i.spi_readbyte_glue)
    i.spi_writebyte_glue                     0x08003c00   Section        0  ad9250.o(i.spi_writebyte_glue)
    i.uni_Init                               0x08003c10   Section        0  uni_spi.o(i.uni_Init)
    i.uni_ReadBuffer                         0x08003c40   Section        0  uni_spi.o(i.uni_ReadBuffer)
    i.uni_ReadStatusRegister                 0x08003c82   Section        0  uni_spi.o(i.uni_ReadStatusRegister)
    i.uni_SPI_LowLevel_Init                  0x08003cb0   Section        0  stm32l1xx_nucleo.o(i.uni_SPI_LowLevel_Init)
    i.uni_SendByte                           0x08003dd0   Section        0  uni_spi.o(i.uni_SendByte)
    i.uni_WriteBuffer                        0x08003e04   Section        0  uni_spi.o(i.uni_WriteBuffer)
    i.uni_WriteStatusRegister                0x08003e3e   Section        0  uni_spi.o(i.uni_WriteStatusRegister)
    i.uni_set_cs_high                        0x08003e68   Section        0  uni_spi.o(i.uni_set_cs_high)
    i.uni_set_cs_low                         0x08003e9c   Section        0  uni_spi.o(i.uni_set_cs_low)
    .constdata                               0x08003ed0   Section       40  stm32l1xx_nucleo.o(.constdata)
    .constdata                               0x08003ef8   Section      122  ad9250.o(.constdata)
    .conststring                             0x08003f74   Section       70  stm32l1xx_exti.o(.conststring)
    .conststring                             0x08003fbc   Section       70  stm32l1xx_gpio.o(.conststring)
    .conststring                             0x08004004   Section       69  stm32l1xx_rcc.o(.conststring)
    .conststring                             0x0800404c   Section       69  stm32l1xx_spi.o(.conststring)
    .conststring                             0x08004094   Section       72  stm32l1xx_syscfg.o(.conststring)
    .conststring                             0x080040dc   Section       71  stm32l1xx_usart.o(.conststring)
    .conststring                             0x08004124   Section       74  main.o(.conststring)
    .conststring                             0x08004170   Section       71  ltc6952_aux.o(.conststring)
    .data                                    0x20000000   Section       25  stm32l1xx_rcc.o(.data)
    PLLMulTable                              0x20000000   Data           9  stm32l1xx_rcc.o(.data)
    APBAHBPrescTable                         0x20000009   Data          16  stm32l1xx_rcc.o(.data)
    .data                                    0x2000001c   Section       20  stm32l1xx_nucleo.o(.data)
    .data                                    0x20000030   Section        8  main.o(.data)
    TimingDelay                              0x20000034   Data           4  main.o(.data)
    .data                                    0x20000038   Section        1  stm32l1xx_it.o(.data)
    .data                                    0x2000003c   Section      264  stm32l1xx_ip_dbg.o(.data)
    .data                                    0x20000144   Section       46  ad9250.o(.data)
    .data                                    0x20000174   Section        4  stdout.o(.data)
    .bss                                     0x20000178   Section       16  main.o(.bss)
    .bss                                     0x20000188   Section       10  ad9250.o(.bss)
    STACK                                    0x20000198   Section     1024  startup_stm32l1xx_xl.o(STACK)

    Global Symbols

    Symbol Name                              Value     Ov Type        Size  Object(Section)

    BuildAttributes$$THM_ISAv4$P$D$K$B$S$PE$A:L22UL41UL21$X:L11$S22US41US21$IEEE1$IW$USESV6$~STKCKD$USESV7$~SHL$OTIME$ROPI$EBA8$MICROLIB$REQ8$PRES8$EABIv2 0x00000000   Number         0  anon$$obj.o ABSOLUTE
    __ARM_use_no_argv                        0x00000000   Number         0  main.o ABSOLUTE
    _printf_a                                0x00000000   Number         0  stubs.o ABSOLUTE
    _printf_c                                0x00000000   Number         0  stubs.o ABSOLUTE
    _printf_charcount                        0x00000000   Number         0  stubs.o ABSOLUTE
    _printf_d                                0x00000000   Number         0  stubs.o ABSOLUTE
    _printf_e                                0x00000000   Number         0  stubs.o ABSOLUTE
    _printf_f                                0x00000000   Number         0  stubs.o ABSOLUTE
    _printf_flags                            0x00000000   Number         0  stubs.o ABSOLUTE
    _printf_fp_dec                           0x00000000   Number         0  stubs.o ABSOLUTE
    _printf_fp_hex                           0x00000000   Number         0  stubs.o ABSOLUTE
    _printf_g                                0x00000000   Number         0  stubs.o ABSOLUTE
    _printf_i                                0x00000000   Number         0  stubs.o ABSOLUTE
    _printf_int_dec                          0x00000000   Number         0  stubs.o ABSOLUTE
    _printf_l                                0x00000000   Number         0  stubs.o ABSOLUTE
    _printf_lc                               0x00000000   Number         0  stubs.o ABSOLUTE
    _printf_ll                               0x00000000   Number         0  stubs.o ABSOLUTE
    _printf_lld                              0x00000000   Number         0  stubs.o ABSOLUTE
    _printf_lli                              0x00000000   Number         0  stubs.o ABSOLUTE
    _printf_llo                              0x00000000   Number         0  stubs.o ABSOLUTE
    _printf_llu                              0x00000000   Number         0  stubs.o ABSOLUTE
    _printf_llx                              0x00000000   Number         0  stubs.o ABSOLUTE
    _printf_longlong_dec                     0x00000000   Number         0  stubs.o ABSOLUTE
    _printf_longlong_hex                     0x00000000   Number         0  stubs.o ABSOLUTE
    _printf_longlong_oct                     0x00000000   Number         0  stubs.o ABSOLUTE
    _printf_ls                               0x00000000   Number         0  stubs.o ABSOLUTE
    _printf_mbtowc                           0x00000000   Number         0  stubs.o ABSOLUTE
    _printf_n                                0x00000000   Number         0  stubs.o ABSOLUTE
    _printf_o                                0x00000000   Number         0  stubs.o ABSOLUTE
    _printf_p                                0x00000000   Number         0  stubs.o ABSOLUTE
    _printf_percent                          0x00000000   Number         0  stubs.o ABSOLUTE
    _printf_pre_padding                      0x00000000   Number         0  stubs.o ABSOLUTE
    _printf_return_value                     0x00000000   Number         0  stubs.o ABSOLUTE
    _printf_s                                0x00000000   Number         0  stubs.o ABSOLUTE
    _printf_sizespec                         0x00000000   Number         0  stubs.o ABSOLUTE
    _printf_str                              0x00000000   Number         0  stubs.o ABSOLUTE
    _printf_truncate_signed                  0x00000000   Number         0  stubs.o ABSOLUTE
    _printf_truncate_unsigned                0x00000000   Number         0  stubs.o ABSOLUTE
    _printf_u                                0x00000000   Number         0  stubs.o ABSOLUTE
    _printf_wc                               0x00000000   Number         0  stubs.o ABSOLUTE
    _printf_wctomb                           0x00000000   Number         0  stubs.o ABSOLUTE
    _printf_widthprec                        0x00000000   Number         0  stubs.o ABSOLUTE
    _printf_x                                0x00000000   Number         0  stubs.o ABSOLUTE
    __cpp_initialize__aeabi_                  - Undefined Weak Reference
    __cxa_finalize                            - Undefined Weak Reference
    _clock_init                               - Undefined Weak Reference
    _microlib_exit                            - Undefined Weak Reference
    __Vectors_Size                           0x00000124   Number         0  startup_stm32l1xx_xl.o ABSOLUTE
    __Vectors                                0x08000000   Data           4  startup_stm32l1xx_xl.o(RESET)
    __Vectors_End                            0x08000124   Data           0  startup_stm32l1xx_xl.o(RESET)
    __main                                   0x08000125   Thumb Code     0  entry.o(.ARM.Collect$$$$00000000)
    _main_stk                                0x08000125   Thumb Code     0  entry2.o(.ARM.Collect$$$$00000001)
    _main_scatterload                        0x08000129   Thumb Code     0  entry5.o(.ARM.Collect$$$$00000004)
    __main_after_scatterload                 0x0800012d   Thumb Code     0  entry5.o(.ARM.Collect$$$$00000004)
    _main_clock                              0x0800012d   Thumb Code     0  entry7b.o(.ARM.Collect$$$$00000008)
    _main_cpp_init                           0x0800012d   Thumb Code     0  entry8b.o(.ARM.Collect$$$$0000000A)
    _main_init                               0x0800012d   Thumb Code     0  entry9a.o(.ARM.Collect$$$$0000000B)
    __rt_final_cpp                           0x08000135   Thumb Code     0  entry10a.o(.ARM.Collect$$$$0000000D)
    __rt_final_exit                          0x08000135   Thumb Code     0  entry11a.o(.ARM.Collect$$$$0000000F)
    Reset_Handler                            0x08000139   Thumb Code     8  startup_stm32l1xx_xl.o(.text)
    ADC1_IRQHandler                          0x08000153   Thumb Code     0  startup_stm32l1xx_xl.o(.text)
    AES_IRQHandler                           0x08000153   Thumb Code     0  startup_stm32l1xx_xl.o(.text)
    COMP_ACQ_IRQHandler                      0x08000153   Thumb Code     0  startup_stm32l1xx_xl.o(.text)
    COMP_IRQHandler                          0x08000153   Thumb Code     0  startup_stm32l1xx_xl.o(.text)
    DAC_IRQHandler                           0x08000153   Thumb Code     0  startup_stm32l1xx_xl.o(.text)
    DMA1_Channel1_IRQHandler                 0x08000153   Thumb Code     0  startup_stm32l1xx_xl.o(.text)
    DMA1_Channel2_IRQHandler                 0x08000153   Thumb Code     0  startup_stm32l1xx_xl.o(.text)
    DMA1_Channel3_IRQHandler                 0x08000153   Thumb Code     0  startup_stm32l1xx_xl.o(.text)
    DMA1_Channel4_IRQHandler                 0x08000153   Thumb Code     0  startup_stm32l1xx_xl.o(.text)
    DMA1_Channel5_IRQHandler                 0x08000153   Thumb Code     0  startup_stm32l1xx_xl.o(.text)
    DMA1_Channel6_IRQHandler                 0x08000153   Thumb Code     0  startup_stm32l1xx_xl.o(.text)
    DMA1_Channel7_IRQHandler                 0x08000153   Thumb Code     0  startup_stm32l1xx_xl.o(.text)
    DMA2_Channel1_IRQHandler                 0x08000153   Thumb Code     0  startup_stm32l1xx_xl.o(.text)
    DMA2_Channel2_IRQHandler                 0x08000153   Thumb Code     0  startup_stm32l1xx_xl.o(.text)
    DMA2_Channel3_IRQHandler                 0x08000153   Thumb Code     0  startup_stm32l1xx_xl.o(.text)
    DMA2_Channel4_IRQHandler                 0x08000153   Thumb Code     0  startup_stm32l1xx_xl.o(.text)
    DMA2_Channel5_IRQHandler                 0x08000153   Thumb Code     0  startup_stm32l1xx_xl.o(.text)
    EXTI0_IRQHandler                         0x08000153   Thumb Code     0  startup_stm32l1xx_xl.o(.text)
    EXTI1_IRQHandler                         0x08000153   Thumb Code     0  startup_stm32l1xx_xl.o(.text)
    EXTI2_IRQHandler                         0x08000153   Thumb Code     0  startup_stm32l1xx_xl.o(.text)
    EXTI3_IRQHandler                         0x08000153   Thumb Code     0  startup_stm32l1xx_xl.o(.text)
    EXTI4_IRQHandler                         0x08000153   Thumb Code     0  startup_stm32l1xx_xl.o(.text)
    EXTI9_5_IRQHandler                       0x08000153   Thumb Code     0  startup_stm32l1xx_xl.o(.text)
    FLASH_IRQHandler                         0x08000153   Thumb Code     0  startup_stm32l1xx_xl.o(.text)
    I2C1_ER_IRQHandler                       0x08000153   Thumb Code     0  startup_stm32l1xx_xl.o(.text)
    I2C1_EV_IRQHandler                       0x08000153   Thumb Code     0  startup_stm32l1xx_xl.o(.text)
    I2C2_ER_IRQHandler                       0x08000153   Thumb Code     0  startup_stm32l1xx_xl.o(.text)
    I2C2_EV_IRQHandler                       0x08000153   Thumb Code     0  startup_stm32l1xx_xl.o(.text)
    LCD_IRQHandler                           0x08000153   Thumb Code     0  startup_stm32l1xx_xl.o(.text)
    PVD_IRQHandler                           0x08000153   Thumb Code     0  startup_stm32l1xx_xl.o(.text)
    RCC_IRQHandler                           0x08000153   Thumb Code     0  startup_stm32l1xx_xl.o(.text)
    RTC_Alarm_IRQHandler                     0x08000153   Thumb Code     0  startup_stm32l1xx_xl.o(.text)
    RTC_WKUP_IRQHandler                      0x08000153   Thumb Code     0  startup_stm32l1xx_xl.o(.text)
    SPI1_IRQHandler                          0x08000153   Thumb Code     0  startup_stm32l1xx_xl.o(.text)
    SPI2_IRQHandler                          0x08000153   Thumb Code     0  startup_stm32l1xx_xl.o(.text)
    SPI3_IRQHandler                          0x08000153   Thumb Code     0  startup_stm32l1xx_xl.o(.text)
    TAMPER_STAMP_IRQHandler                  0x08000153   Thumb Code     0  startup_stm32l1xx_xl.o(.text)
    TIM10_IRQHandler                         0x08000153   Thumb Code     0  startup_stm32l1xx_xl.o(.text)
    TIM11_IRQHandler                         0x08000153   Thumb Code     0  startup_stm32l1xx_xl.o(.text)
    TIM2_IRQHandler                          0x08000153   Thumb Code     0  startup_stm32l1xx_xl.o(.text)
    TIM3_IRQHandler                          0x08000153   Thumb Code     0  startup_stm32l1xx_xl.o(.text)
    TIM4_IRQHandler                          0x08000153   Thumb Code     0  startup_stm32l1xx_xl.o(.text)
    TIM5_IRQHandler                          0x08000153   Thumb Code     0  startup_stm32l1xx_xl.o(.text)
    TIM6_IRQHandler                          0x08000153   Thumb Code     0  startup_stm32l1xx_xl.o(.text)
    TIM7_IRQHandler                          0x08000153   Thumb Code     0  startup_stm32l1xx_xl.o(.text)
    TIM9_IRQHandler                          0x08000153   Thumb Code     0  startup_stm32l1xx_xl.o(.text)
    UART4_IRQHandler                         0x08000153   Thumb Code     0  startup_stm32l1xx_xl.o(.text)
    UART5_IRQHandler                         0x08000153   Thumb Code     0  startup_stm32l1xx_xl.o(.text)
    USART1_IRQHandler                        0x08000153   Thumb Code     0  startup_stm32l1xx_xl.o(.text)
    USART2_IRQHandler                        0x08000153   Thumb Code     0  startup_stm32l1xx_xl.o(.text)
    USART3_IRQHandler                        0x08000153   Thumb Code     0  startup_stm32l1xx_xl.o(.text)
    USB_FS_WKUP_IRQHandler                   0x08000153   Thumb Code     0  startup_stm32l1xx_xl.o(.text)
    USB_HP_IRQHandler                        0x08000153   Thumb Code     0  startup_stm32l1xx_xl.o(.text)
    USB_LP_IRQHandler                        0x08000153   Thumb Code     0  startup_stm32l1xx_xl.o(.text)
    WWDG_IRQHandler                          0x08000153   Thumb Code     0  startup_stm32l1xx_xl.o(.text)
    __aeabi_uldivmod                         0x0800015d   Thumb Code    98  uldiv.o(.text)
    __scatterload                            0x080001c1   Thumb Code    28  init.o(.text)
    __scatterload_rt2                        0x080001c1   Thumb Code     0  init.o(.text)
    __aeabi_llsl                             0x080001e5   Thumb Code    30  llshl.o(.text)
    _ll_shift_l                              0x080001e5   Thumb Code     0  llshl.o(.text)
    __aeabi_llsr                             0x08000203   Thumb Code    32  llushr.o(.text)
    _ll_ushift_r                             0x08000203   Thumb Code     0  llushr.o(.text)
    __decompress                             0x08000223   Thumb Code     0  __dczerorl2.o(.text)
    __decompress1                            0x08000223   Thumb Code    86  __dczerorl2.o(.text)
    BusFault_Handler                         0x08000279   Thumb Code     2  stm32l1xx_it.o(i.BusFault_Handler)
    DebugMon_Handler                         0x0800027b   Thumb Code     2  stm32l1xx_it.o(i.DebugMon_Handler)
    Delay                                    0x0800027d   Thumb Code    18  main.o(i.Delay)
    EXTI15_10_IRQHandler                     0x08000295   Thumb Code    38  stm32l1xx_it.o(i.EXTI15_10_IRQHandler)
    EXTI_ClearITPendingBit                   0x080002d9   Thumb Code    28  stm32l1xx_exti.o(i.EXTI_ClearITPendingBit)
    EXTI_GetITStatus                         0x080002fd   Thumb Code   158  stm32l1xx_exti.o(i.EXTI_GetITStatus)
    EXTI_Init                                0x080003a5   Thumb Code   204  stm32l1xx_exti.o(i.EXTI_Init)
    Force_Sync_GPIOInit                      0x0800047d   Thumb Code    52  stm32l1xx_nucleo.o(i.Force_Sync_GPIOInit)
    GPIO_Init                                0x080004b5   Thumb Code   298  stm32l1xx_gpio.o(i.GPIO_Init)
    GPIO_PinAFConfig                         0x080005e5   Thumb Code   272  stm32l1xx_gpio.o(i.GPIO_PinAFConfig)
    GPIO_ResetBits                           0x080006f9   Thumb Code   112  stm32l1xx_gpio.o(i.GPIO_ResetBits)
    GPIO_SetBits                             0x0800076d   Thumb Code   112  stm32l1xx_gpio.o(i.GPIO_SetBits)
    HardFault_Handler                        0x080007e1   Thumb Code     2  stm32l1xx_it.o(i.HardFault_Handler)
    IP_Debug                                 0x080007e5   Thumb Code   338  stm32l1xx_ip_dbg.o(i.IP_Debug)
    MemManage_Handler                        0x08000a3d   Thumb Code     2  stm32l1xx_it.o(i.MemManage_Handler)
    NMI_Handler                              0x08000a3f   Thumb Code     2  stm32l1xx_it.o(i.NMI_Handler)
    NVIC_Init                                0x08000a41   Thumb Code   152  misc.o(i.NVIC_Init)
    PendSV_Handler                           0x08000b19   Thumb Code     2  stm32l1xx_it.o(i.PendSV_Handler)
    RCC_AHBPeriphClockCmd                    0x08000b1d   Thumb Code    60  stm32l1xx_rcc.o(i.RCC_AHBPeriphClockCmd)
    RCC_APB1PeriphClockCmd                   0x08000b65   Thumb Code    60  stm32l1xx_rcc.o(i.RCC_APB1PeriphClockCmd)
    RCC_APB2PeriphClockCmd                   0x08000bad   Thumb Code    64  stm32l1xx_rcc.o(i.RCC_APB2PeriphClockCmd)
    RCC_GetClocksFreq                        0x08000bf5   Thumb Code   200  stm32l1xx_rcc.o(i.RCC_GetClocksFreq)
    SPI_BiDirectionalLineConfig              0x08000cd1   Thumb Code    96  stm32l1xx_spi.o(i.SPI_BiDirectionalLineConfig)
    SPI_Cmd                                  0x08000d35   Thumb Code    84  stm32l1xx_spi.o(i.SPI_Cmd)
    SPI_I2S_GetFlagStatus                    0x08000d8d   Thumb Code   108  stm32l1xx_spi.o(i.SPI_I2S_GetFlagStatus)
    SPI_I2S_ReceiveData                      0x08000dfd   Thumb Code    48  stm32l1xx_spi.o(i.SPI_I2S_ReceiveData)
    SPI_I2S_SendData                         0x08000e31   Thumb Code    50  stm32l1xx_spi.o(i.SPI_I2S_SendData)
    SPI_Init                                 0x08000e69   Thumb Code   282  stm32l1xx_spi.o(i.SPI_Init)
    STM_EVAL_COMInit                         0x08000f89   Thumb Code   162  stm32l1xx_nucleo.o(i.STM_EVAL_COMInit)
    STM_EVAL_PBInit                          0x0800104d   Thumb Code   136  stm32l1xx_nucleo.o(i.STM_EVAL_PBInit)
    STM_USART_DEBUG_Init                     0x080010ed   Thumb Code    44  stm32l1xx_nucleo.o(i.STM_USART_DEBUG_Init)
    SVC_Handler                              0x08001119   Thumb Code     2  stm32l1xx_it.o(i.SVC_Handler)
    SYSCFG_EXTILineConfig                    0x0800111d   Thumb Code   158  stm32l1xx_syscfg.o(i.SYSCFG_EXTILineConfig)
    SysTick_Handler                          0x08001291   Thumb Code     4  stm32l1xx_it.o(i.SysTick_Handler)
    SystemInit                               0x08001295   Thumb Code    66  system_stm32l1xx.o(i.SystemInit)
    TimingDelay_Decrement                    0x080012ed   Thumb Code    16  main.o(i.TimingDelay_Decrement)
    USART_Cmd                                0x08001301   Thumb Code   104  stm32l1xx_usart.o(i.USART_Cmd)
    USART_GetFlagStatus                      0x0800136d   Thumb Code   158  stm32l1xx_usart.o(i.USART_GetFlagStatus)
    USART_Init                               0x0800141d   Thumb Code   400  stm32l1xx_usart.o(i.USART_Init)
    USART_SendData                           0x080015c5   Thumb Code    90  stm32l1xx_usart.o(i.USART_SendData)
    UsageFault_Handler                       0x08001625   Thumb Code     2  stm32l1xx_it.o(i.UsageFault_Handler)
    __0printf$8                              0x08001629   Thumb Code    22  printf8.o(i.__0printf$8)
    __1printf$8                              0x08001629   Thumb Code     0  printf8.o(i.__0printf$8)
    __2printf                                0x08001629   Thumb Code     0  printf8.o(i.__0printf$8)
    __scatterload_copy                       0x08001649   Thumb Code    14  handlers.o(i.__scatterload_copy)
    __scatterload_null                       0x08001657   Thumb Code     2  handlers.o(i.__scatterload_null)
    __scatterload_zeroinit                   0x08001659   Thumb Code    14  handlers.o(i.__scatterload_zeroinit)
    ad9250_config_print                      0x08001acd   Thumb Code    34  ad9250.o(i.ad9250_config_print)
    ad9250_create                            0x08001af5   Thumb Code    36  ad9250.o(i.ad9250_create)
    ad9250_fast_detect_setup                 0x08001b21   Thumb Code   106  ad9250.o(i.ad9250_fast_detect_setup)
    ad9250_is_shadow_register                0x08001ba1   Thumb Code     6  ad9250.o(i.ad9250_is_shadow_register)
    ad9250_jesd204b_invert_logic             0x08001ba7   Thumb Code    42  ad9250.o(i.ad9250_jesd204b_invert_logic)
    ad9250_jesd204b_select_test_injection_point 0x08001bd1   Thumb Code    46  ad9250.o(i.ad9250_jesd204b_select_test_injection_point)
    ad9250_jesd204b_set_frames               0x08001bff   Thumb Code    72  ad9250.o(i.ad9250_jesd204b_set_frames)
    ad9250_jesd204b_setup                    0x08001c49   Thumb Code   544  ad9250.o(i.ad9250_jesd204b_setup)
    ad9250_jesd204b_test_mode                0x08001e75   Thumb Code    44  ad9250.o(i.ad9250_jesd204b_test_mode)
    ad9250_read                              0x08001ea1   Thumb Code    84  ad9250.o(i.ad9250_read)
    ad9250_set_bits_to_reg                   0x08001ef5   Thumb Code    68  ad9250.o(i.ad9250_set_bits_to_reg)
    ad9250_setup                             0x08001f39   Thumb Code   190  ad9250.o(i.ad9250_setup)
    ad9250_soft_reset                        0x08002005   Thumb Code    40  ad9250.o(i.ad9250_soft_reset)
    ad9250_transfer                          0x0800202d   Thumb Code    58  ad9250.o(i.ad9250_transfer)
    ad9250_write                             0x08002075   Thumb Code    92  ad9250.o(i.ad9250_write)
    adc_ReadStatusRegister                   0x080020d1   Thumb Code    78  adc_spi.o(i.adc_ReadStatusRegister)
    adc_SPI_Init                             0x08002149   Thumb Code    24  adc_spi.o(i.adc_SPI_Init)
    adc_SPI_LowLevel_AlterDirection          0x08002161   Thumb Code    24  stm32l1xx_nucleo.o(i.adc_SPI_LowLevel_AlterDirection)
    adc_SPI_LowLevel_Init                    0x08002181   Thumb Code   298  stm32l1xx_nucleo.o(i.adc_SPI_LowLevel_Init)
    adc_SendByte                             0x080022bd   Thumb Code    30  adc_spi.o(i.adc_SendByte)
    adc_SendDummyByte                        0x080022e1   Thumb Code    26  adc_spi.o(i.adc_SendDummyByte)
    adc_WriteStatusRegister                  0x08002301   Thumb Code    62  adc_spi.o(i.adc_WriteStatusRegister)
    adc_set_cs_high                          0x08002365   Thumb Code    96  adc_spi.o(i.adc_set_cs_high)
    adc_set_cs_low                           0x080023d1   Thumb Code    96  adc_spi.o(i.adc_set_cs_low)
    assert_failed                            0x0800243d   Thumb Code    28  main.o(i.assert_failed)
    fputc                                    0x080024a9   Thumb Code    62  main.o(i.fputc)
    ltc6952_aux_config_global                0x080024f5   Thumb Code   276  ltc6952_aux.o(i.ltc6952_aux_config_global)
    ltc6952_aux_config_out_dclk              0x080026f5   Thumb Code   186  ltc6952_aux.o(i.ltc6952_aux_config_out_dclk)
    ltc6952_aux_config_out_sysref            0x080028e1   Thumb Code   184  ltc6952_aux.o(i.ltc6952_aux_config_out_sysref)
    ltc6952_aux_config_srq                   0x08002ac9   Thumb Code   160  ltc6952_aux.o(i.ltc6952_aux_config_srq)
    ltc6952_aux_detect                       0x08002c51   Thumb Code    50  ltc6952_aux.o(i.ltc6952_aux_detect)
    ltc6952_aux_isConsistent                 0x08002cc9   Thumb Code    52  ltc6952_aux.o(i.ltc6952_aux_isConsistent)
    ltc6952_aux_isOkay                       0x08002cfd   Thumb Code    54  ltc6952_aux.o(i.ltc6952_aux_isOkay)
    ltc6953_master_aux_sync                  0x08002d9d   Thumb Code   178  ltc6953_master.o(i.ltc6953_master_aux_sync)
    ltc6953_master_config_global             0x08002e95   Thumb Code   138  ltc6953_master.o(i.ltc6953_master_config_global)
    ltc6953_master_config_outs               0x08002ff9   Thumb Code   490  ltc6953_master.o(i.ltc6953_master_config_outs)
    ltc6953_master_config_srq                0x08003535   Thumb Code   124  ltc6953_master.o(i.ltc6953_master_config_srq)
    ltc6953_master_detect                    0x08003685   Thumb Code    40  ltc6953_master.o(i.ltc6953_master_detect)
    ltc6953_master_isConsistent              0x08003725   Thumb Code    52  ltc6953_master.o(i.ltc6953_master_isConsistent)
    ltc6953_master_isOkay                    0x08003759   Thumb Code    38  ltc6953_master.o(i.ltc6953_master_isOkay)
    main                                     0x080037d9   Thumb Code   708  main.o(i.main)
    spi_readbyte_glue                        0x08003bf1   Thumb Code    16  ad9250.o(i.spi_readbyte_glue)
    spi_writebyte_glue                       0x08003c01   Thumb Code    16  ad9250.o(i.spi_writebyte_glue)
    uni_Init                                 0x08003c11   Thumb Code    36  uni_spi.o(i.uni_Init)
    uni_ReadBuffer                           0x08003c41   Thumb Code    66  uni_spi.o(i.uni_ReadBuffer)
    uni_ReadStatusRegister                   0x08003c83   Thumb Code    46  uni_spi.o(i.uni_ReadStatusRegister)
    uni_SPI_LowLevel_Init                    0x08003cb1   Thumb Code   270  stm32l1xx_nucleo.o(i.uni_SPI_LowLevel_Init)
    uni_SendByte                             0x08003dd1   Thumb Code    48  uni_spi.o(i.uni_SendByte)
    uni_WriteBuffer                          0x08003e05   Thumb Code    58  uni_spi.o(i.uni_WriteBuffer)
    uni_WriteStatusRegister                  0x08003e3f   Thumb Code    42  uni_spi.o(i.uni_WriteStatusRegister)
    uni_set_cs_high                          0x08003e69   Thumb Code    38  uni_spi.o(i.uni_set_cs_high)
    uni_set_cs_low                           0x08003e9d   Thumb Code    38  uni_spi.o(i.uni_set_cs_low)
    BUTTON_PORT_SOURCE                       0x08003ed0   Data           1  stm32l1xx_nucleo.o(.constdata)
    BUTTON_PIN_SOURCE                        0x08003ed1   Data           1  stm32l1xx_nucleo.o(.constdata)
    BUTTON_IRQn                              0x08003ed2   Data           1  stm32l1xx_nucleo.o(.constdata)
    COM_TX_PIN_SOURCE                        0x08003ed3   Data           1  stm32l1xx_nucleo.o(.constdata)
    COM_RX_PIN_SOURCE                        0x08003ed4   Data           1  stm32l1xx_nucleo.o(.constdata)
    COM_TX_AF                                0x08003ed5   Data           1  stm32l1xx_nucleo.o(.constdata)
    COM_RX_AF                                0x08003ed6   Data           1  stm32l1xx_nucleo.o(.constdata)
    GPIO_PIN                                 0x08003ed8   Data           2  stm32l1xx_nucleo.o(.constdata)
    BUTTON_PIN                               0x08003eda   Data           2  stm32l1xx_nucleo.o(.constdata)
    BUTTON_EXTI_LINE                         0x08003edc   Data           2  stm32l1xx_nucleo.o(.constdata)
    COM_TX_PIN                               0x08003ede   Data           2  stm32l1xx_nucleo.o(.constdata)
    COM_RX_PIN                               0x08003ee0   Data           2  stm32l1xx_nucleo.o(.constdata)
    GPIO_CLK                                 0x08003ee4   Data           4  stm32l1xx_nucleo.o(.constdata)
    BUTTON_CLK                               0x08003ee8   Data           4  stm32l1xx_nucleo.o(.constdata)
    COM_USART_CLK                            0x08003eec   Data           4  stm32l1xx_nucleo.o(.constdata)
    COM_TX_PORT_CLK                          0x08003ef0   Data           4  stm32l1xx_nucleo.o(.constdata)
    COM_RX_PORT_CLK                          0x08003ef4   Data           4  stm32l1xx_nucleo.o(.constdata)
    shadow_regs                              0x08003ef8   Data          60  ad9250.o(.constdata)
    addrs                                    0x08003f34   Data          62  ad9250.o(.constdata)
    Region$$Table$$Base                      0x080041b8   Number         0  anon$$obj.o(Region$$Table)
    Region$$Table$$Limit                     0x080041d8   Number         0  anon$$obj.o(Region$$Table)
    GPIO_PORT                                0x2000001c   Data           4  stm32l1xx_nucleo.o(.data)
    BUTTON_PORT                              0x20000020   Data           4  stm32l1xx_nucleo.o(.data)
    COM_USART                                0x20000024   Data           4  stm32l1xx_nucleo.o(.data)
    COM_TX_PORT                              0x20000028   Data           4  stm32l1xx_nucleo.o(.data)
    COM_RX_PORT                              0x2000002c   Data           4  stm32l1xx_nucleo.o(.data)
    BlinkSpeed                               0x20000030   Data           1  main.o(.data)
    force_sync_flag                          0x20000038   Data           1  stm32l1xx_it.o(.data)
    TIM2_DBG                                 0x2000003c   Data           4  stm32l1xx_ip_dbg.o(.data)
    TIM3_DBG                                 0x20000040   Data           4  stm32l1xx_ip_dbg.o(.data)
    TIM4_DBG                                 0x20000044   Data           4  stm32l1xx_ip_dbg.o(.data)
    TIM5_DBG                                 0x20000048   Data           4  stm32l1xx_ip_dbg.o(.data)
    TIM6_DBG                                 0x2000004c   Data           4  stm32l1xx_ip_dbg.o(.data)
    TIM7_DBG                                 0x20000050   Data           4  stm32l1xx_ip_dbg.o(.data)
    TIM9_DBG                                 0x20000054   Data           4  stm32l1xx_ip_dbg.o(.data)
    TIM10_DBG                                0x20000058   Data           4  stm32l1xx_ip_dbg.o(.data)
    TIM11_DBG                                0x2000005c   Data           4  stm32l1xx_ip_dbg.o(.data)
    RTC_DBG                                  0x20000060   Data           4  stm32l1xx_ip_dbg.o(.data)
    WWDG_DBG                                 0x20000064   Data           4  stm32l1xx_ip_dbg.o(.data)
    IWDG_DBG                                 0x20000068   Data           4  stm32l1xx_ip_dbg.o(.data)
    SPI2_DBG                                 0x2000006c   Data           4  stm32l1xx_ip_dbg.o(.data)
    SPI3_DBG                                 0x20000070   Data           4  stm32l1xx_ip_dbg.o(.data)
    USART1_DBG                               0x20000074   Data           4  stm32l1xx_ip_dbg.o(.data)
    USART2_DBG                               0x20000078   Data           4  stm32l1xx_ip_dbg.o(.data)
    USART3_DBG                               0x2000007c   Data           4  stm32l1xx_ip_dbg.o(.data)
    I2C1_DBG                                 0x20000080   Data           4  stm32l1xx_ip_dbg.o(.data)
    I2C2_DBG                                 0x20000084   Data           4  stm32l1xx_ip_dbg.o(.data)
    PWR_DBG                                  0x20000088   Data           4  stm32l1xx_ip_dbg.o(.data)
    DAC_DBG                                  0x2000008c   Data           4  stm32l1xx_ip_dbg.o(.data)
    EXTI_DBG                                 0x20000090   Data           4  stm32l1xx_ip_dbg.o(.data)
    GPIOA_DBG                                0x20000094   Data           4  stm32l1xx_ip_dbg.o(.data)
    GPIOB_DBG                                0x20000098   Data           4  stm32l1xx_ip_dbg.o(.data)
    GPIOC_DBG                                0x2000009c   Data           4  stm32l1xx_ip_dbg.o(.data)
    GPIOD_DBG                                0x200000a0   Data           4  stm32l1xx_ip_dbg.o(.data)
    GPIOE_DBG                                0x200000a4   Data           4  stm32l1xx_ip_dbg.o(.data)
    GPIOF_DBG                                0x200000a8   Data           4  stm32l1xx_ip_dbg.o(.data)
    GPIOG_DBG                                0x200000ac   Data           4  stm32l1xx_ip_dbg.o(.data)
    GPIOH_DBG                                0x200000b0   Data           4  stm32l1xx_ip_dbg.o(.data)
    ADC1_DBG                                 0x200000b4   Data           4  stm32l1xx_ip_dbg.o(.data)
    ADC_DBG                                  0x200000b8   Data           4  stm32l1xx_ip_dbg.o(.data)
    SPI1_DBG                                 0x200000bc   Data           4  stm32l1xx_ip_dbg.o(.data)
    DMA1_DBG                                 0x200000c0   Data           4  stm32l1xx_ip_dbg.o(.data)
    DMA1_Channel1_DBG                        0x200000c4   Data           4  stm32l1xx_ip_dbg.o(.data)
    DMA1_Channel2_DBG                        0x200000c8   Data           4  stm32l1xx_ip_dbg.o(.data)
    DMA1_Channel3_DBG                        0x200000cc   Data           4  stm32l1xx_ip_dbg.o(.data)
    DMA1_Channel4_DBG                        0x200000d0   Data           4  stm32l1xx_ip_dbg.o(.data)
    DMA1_Channel5_DBG                        0x200000d4   Data           4  stm32l1xx_ip_dbg.o(.data)
    DMA1_Channel6_DBG                        0x200000d8   Data           4  stm32l1xx_ip_dbg.o(.data)
    DMA1_Channel7_DBG                        0x200000dc   Data           4  stm32l1xx_ip_dbg.o(.data)
    RCC_DBG                                  0x200000e0   Data           4  stm32l1xx_ip_dbg.o(.data)
    CRC_DBG                                  0x200000e4   Data           4  stm32l1xx_ip_dbg.o(.data)
    FLASH_DBG                                0x200000e8   Data           4  stm32l1xx_ip_dbg.o(.data)
    OB_DBG                                   0x200000ec   Data           4  stm32l1xx_ip_dbg.o(.data)
    DBGMCU_DBG                               0x200000f0   Data           4  stm32l1xx_ip_dbg.o(.data)
    NVIC_DBG                                 0x200000f4   Data           4  stm32l1xx_ip_dbg.o(.data)
    SCB_DBG                                  0x200000f8   Data           4  stm32l1xx_ip_dbg.o(.data)
    SysTick_DBG                              0x200000fc   Data           4  stm32l1xx_ip_dbg.o(.data)
    MPU_DBG                                  0x20000100   Data           4  stm32l1xx_ip_dbg.o(.data)
    LCD_DBG                                  0x20000104   Data           4  stm32l1xx_ip_dbg.o(.data)
    UART4_DBG                                0x20000108   Data           4  stm32l1xx_ip_dbg.o(.data)
    UART5_DBG                                0x2000010c   Data           4  stm32l1xx_ip_dbg.o(.data)
    RI_DBG                                   0x20000110   Data           4  stm32l1xx_ip_dbg.o(.data)
    OPAMP_DBG                                0x20000114   Data           4  stm32l1xx_ip_dbg.o(.data)
    SYSCFG_DBG                               0x20000118   Data           4  stm32l1xx_ip_dbg.o(.data)
    SDIO_DBG                                 0x2000011c   Data           4  stm32l1xx_ip_dbg.o(.data)
    DMA2_DBG                                 0x20000120   Data           4  stm32l1xx_ip_dbg.o(.data)
    DMA2_Channel1_DBG                        0x20000124   Data           4  stm32l1xx_ip_dbg.o(.data)
    DMA2_Channel2_DBG                        0x20000128   Data           4  stm32l1xx_ip_dbg.o(.data)
    DMA2_Channel3_DBG                        0x2000012c   Data           4  stm32l1xx_ip_dbg.o(.data)
    DMA2_Channel4_DBG                        0x20000130   Data           4  stm32l1xx_ip_dbg.o(.data)
    DMA2_Channel5_DBG                        0x20000134   Data           4  stm32l1xx_ip_dbg.o(.data)
    AES_DBG                                  0x20000138   Data           4  stm32l1xx_ip_dbg.o(.data)
    FSMC_Bank1_DBG                           0x2000013c   Data           4  stm32l1xx_ip_dbg.o(.data)
    FSMC_Bank1E_DBG                          0x20000140   Data           4  stm32l1xx_ip_dbg.o(.data)
    ad9250_pdata_lpc                         0x20000144   Data          23  ad9250.o(.data)
    ad9250_jesd204b_interface                0x2000015b   Data          23  ad9250.o(.data)
    __stdout                                 0x20000174   Data           4  stdout.o(.data)
    RCC_Clocks                               0x20000178   Data          16  main.o(.bss)
    ad9250_fast_detect                       0x20000188   Data          10  ad9250.o(.bss)
    __initial_sp                             0x20000598   Data           0  startup_stm32l1xx_xl.o(STACK)



==============================================================================

Memory Map of the image

  Image Entry point : 0x08000125

  Load Region LR_IROM1 (Base: 0x08000000, Size: 0x00004350, Max: 0x00080000, ABSOLUTE, COMPRESSED[0x00004220])

    Execution Region ER_IROM1 (Exec base: 0x08000000, Load base: 0x08000000, Size: 0x000041d8, Max: 0x00080000, ABSOLUTE)

    Exec Addr    Load Addr    Size         Type   Attr      Idx    E Section Name        Object

    0x08000000   0x08000000   0x00000124   Data   RO            3    RESET               startup_stm32l1xx_xl.o
    0x08000124   0x08000124   0x00000000   Code   RO         4818  * .ARM.Collect$$$$00000000  mc_w.l(entry.o)
    0x08000124   0x08000124   0x00000004   Code   RO         5110    .ARM.Collect$$$$00000001  mc_w.l(entry2.o)
    0x08000128   0x08000128   0x00000004   Code   RO         5113    .ARM.Collect$$$$00000004  mc_w.l(entry5.o)
    0x0800012c   0x0800012c   0x00000000   Code   RO         5115    .ARM.Collect$$$$00000008  mc_w.l(entry7b.o)
    0x0800012c   0x0800012c   0x00000000   Code   RO         5117    .ARM.Collect$$$$0000000A  mc_w.l(entry8b.o)
    0x0800012c   0x0800012c   0x00000008   Code   RO         5118    .ARM.Collect$$$$0000000B  mc_w.l(entry9a.o)
    0x08000134   0x08000134   0x00000000   Code   RO         5120    .ARM.Collect$$$$0000000D  mc_w.l(entry10a.o)
    0x08000134   0x08000134   0x00000000   Code   RO         5122    .ARM.Collect$$$$0000000F  mc_w.l(entry11a.o)
    0x08000134   0x08000134   0x00000004   Code   RO         5111    .ARM.Collect$$$$00002712  mc_w.l(entry2.o)
    0x08000138   0x08000138   0x00000024   Code   RO            4    .text               startup_stm32l1xx_xl.o
    0x0800015c   0x0800015c   0x00000062   Code   RO         5127    .text               mc_w.l(uldiv.o)
    0x080001be   0x080001be   0x00000002   PAD
    0x080001c0   0x080001c0   0x00000024   Code   RO         5146    .text               mc_w.l(init.o)
    0x080001e4   0x080001e4   0x0000001e   Code   RO         5148    .text               mc_w.l(llshl.o)
    0x08000202   0x08000202   0x00000020   Code   RO         5150    .text               mc_w.l(llushr.o)
    0x08000222   0x08000222   0x00000056   Code   RO         5164    .text               mc_w.l(__dczerorl2.o)
    0x08000278   0x08000278   0x00000002   Code   RO         4149    i.BusFault_Handler  stm32l1xx_it.o
    0x0800027a   0x0800027a   0x00000002   Code   RO         4150    i.DebugMon_Handler  stm32l1xx_it.o
    0x0800027c   0x0800027c   0x00000018   Code   RO         4052    i.Delay             main.o
    0x08000294   0x08000294   0x00000044   Code   RO         4151    i.EXTI15_10_IRQHandler  stm32l1xx_it.o
    0x080002d8   0x080002d8   0x00000024   Code   RO          946    i.EXTI_ClearITPendingBit  stm32l1xx_exti.o
    0x080002fc   0x080002fc   0x000000a8   Code   RO          950    i.EXTI_GetITStatus  stm32l1xx_exti.o
    0x080003a4   0x080003a4   0x000000d8   Code   RO          951    i.EXTI_Init         stm32l1xx_exti.o
    0x0800047c   0x0800047c   0x00000038   Code   RO         3893    i.Force_Sync_GPIOInit  stm32l1xx_nucleo.o
    0x080004b4   0x080004b4   0x00000130   Code   RO         1402    i.GPIO_Init         stm32l1xx_gpio.o
    0x080005e4   0x080005e4   0x00000114   Code   RO         1403    i.GPIO_PinAFConfig  stm32l1xx_gpio.o
    0x080006f8   0x080006f8   0x00000074   Code   RO         1409    i.GPIO_ResetBits    stm32l1xx_gpio.o
    0x0800076c   0x0800076c   0x00000074   Code   RO         1410    i.GPIO_SetBits      stm32l1xx_gpio.o
    0x080007e0   0x080007e0   0x00000002   Code   RO         4152    i.HardFault_Handler  stm32l1xx_it.o
    0x080007e2   0x080007e2   0x00000002   PAD
    0x080007e4   0x080007e4   0x00000258   Code   RO         4271    i.IP_Debug          stm32l1xx_ip_dbg.o
    0x08000a3c   0x08000a3c   0x00000002   Code   RO         4153    i.MemManage_Handler  stm32l1xx_it.o
    0x08000a3e   0x08000a3e   0x00000002   Code   RO         4154    i.NMI_Handler       stm32l1xx_it.o
    0x08000a40   0x08000a40   0x000000d8   Code   RO           12    i.NVIC_Init         misc.o
    0x08000b18   0x08000b18   0x00000002   Code   RO         4155    i.PendSV_Handler    stm32l1xx_it.o
    0x08000b1a   0x08000b1a   0x00000002   PAD
    0x08000b1c   0x08000b1c   0x00000048   Code   RO         2073    i.RCC_AHBPeriphClockCmd  stm32l1xx_rcc.o
    0x08000b64   0x08000b64   0x00000048   Code   RO         2076    i.RCC_APB1PeriphClockCmd  stm32l1xx_rcc.o
    0x08000bac   0x08000bac   0x00000048   Code   RO         2079    i.RCC_APB2PeriphClockCmd  stm32l1xx_rcc.o
    0x08000bf4   0x08000bf4   0x000000dc   Code   RO         2088    i.RCC_GetClocksFreq  stm32l1xx_rcc.o
    0x08000cd0   0x08000cd0   0x00000064   Code   RO         2868    i.SPI_BiDirectionalLineConfig  stm32l1xx_spi.o
    0x08000d34   0x08000d34   0x00000058   Code   RO         2870    i.SPI_Cmd           stm32l1xx_spi.o
    0x08000d8c   0x08000d8c   0x00000070   Code   RO         2878    i.SPI_I2S_GetFlagStatus  stm32l1xx_spi.o
    0x08000dfc   0x08000dfc   0x00000034   Code   RO         2881    i.SPI_I2S_ReceiveData  stm32l1xx_spi.o
    0x08000e30   0x08000e30   0x00000038   Code   RO         2882    i.SPI_I2S_SendData  stm32l1xx_spi.o
    0x08000e68   0x08000e68   0x00000120   Code   RO         2883    i.SPI_Init          stm32l1xx_spi.o
    0x08000f88   0x08000f88   0x000000c4   Code   RO         3894    i.STM_EVAL_COMInit  stm32l1xx_nucleo.o
    0x0800104c   0x0800104c   0x000000a0   Code   RO         3900    i.STM_EVAL_PBInit   stm32l1xx_nucleo.o
    0x080010ec   0x080010ec   0x0000002c   Code   RO         3901    i.STM_USART_DEBUG_Init  stm32l1xx_nucleo.o
    0x08001118   0x08001118   0x00000002   Code   RO         4156    i.SVC_Handler       stm32l1xx_it.o
    0x0800111a   0x0800111a   0x00000002   PAD
    0x0800111c   0x0800111c   0x000000a4   Code   RO         3022    i.SYSCFG_EXTILineConfig  stm32l1xx_syscfg.o
    0x080011c0   0x080011c0   0x000000d0   Code   RO         4234    i.SetSysClock       system_stm32l1xx.o
    0x08001290   0x08001290   0x00000004   Code   RO         4157    i.SysTick_Handler   stm32l1xx_it.o
    0x08001294   0x08001294   0x00000058   Code   RO         4236    i.SystemInit        system_stm32l1xx.o
    0x080012ec   0x080012ec   0x00000014   Code   RO         4053    i.TimingDelay_Decrement  main.o
    0x08001300   0x08001300   0x0000006c   Code   RO         3639    i.USART_Cmd         stm32l1xx_usart.o
    0x0800136c   0x0800136c   0x000000b0   Code   RO         3642    i.USART_GetFlagStatus  stm32l1xx_usart.o
    0x0800141c   0x0800141c   0x000001a8   Code   RO         3646    i.USART_Init        stm32l1xx_usart.o
    0x080015c4   0x080015c4   0x00000060   Code   RO         3656    i.USART_SendData    stm32l1xx_usart.o
    0x08001624   0x08001624   0x00000002   Code   RO         4158    i.UsageFault_Handler  stm32l1xx_it.o
    0x08001626   0x08001626   0x00000002   PAD
    0x08001628   0x08001628   0x00000020   Code   RO         5028    i.__0printf$8       mc_w.l(printf8.o)
    0x08001648   0x08001648   0x0000000e   Code   RO         5158    i.__scatterload_copy  mc_w.l(handlers.o)
    0x08001656   0x08001656   0x00000002   Code   RO         5159    i.__scatterload_null  mc_w.l(handlers.o)
    0x08001658   0x08001658   0x0000000e   Code   RO         5160    i.__scatterload_zeroinit  mc_w.l(handlers.o)
    0x08001666   0x08001666   0x00000002   PAD
    0x08001668   0x08001668   0x00000410   Code   RO         5035    i._printf_core      mc_w.l(printf8.o)
    0x08001a78   0x08001a78   0x00000024   Code   RO         5036    i._printf_post_padding  mc_w.l(printf8.o)
    0x08001a9c   0x08001a9c   0x0000002e   Code   RO         5037    i._printf_pre_padding  mc_w.l(printf8.o)
    0x08001aca   0x08001aca   0x00000002   PAD
    0x08001acc   0x08001acc   0x00000028   Code   RO         4590    i.ad9250_config_print  ad9250.o
    0x08001af4   0x08001af4   0x0000002c   Code   RO         4591    i.ad9250_create     ad9250.o
    0x08001b20   0x08001b20   0x00000080   Code   RO         4595    i.ad9250_fast_detect_setup  ad9250.o
    0x08001ba0   0x08001ba0   0x00000006   Code   RO         4596    i.ad9250_is_shadow_register  ad9250.o
    0x08001ba6   0x08001ba6   0x0000002a   Code   RO         4597    i.ad9250_jesd204b_invert_logic  ad9250.o
    0x08001bd0   0x08001bd0   0x0000002e   Code   RO         4599    i.ad9250_jesd204b_select_test_injection_point  ad9250.o
    0x08001bfe   0x08001bfe   0x00000048   Code   RO         4600    i.ad9250_jesd204b_set_frames  ad9250.o
    0x08001c46   0x08001c46   0x00000002   PAD
    0x08001c48   0x08001c48   0x0000022c   Code   RO         4601    i.ad9250_jesd204b_setup  ad9250.o
    0x08001e74   0x08001e74   0x0000002c   Code   RO         4602    i.ad9250_jesd204b_test_mode  ad9250.o
    0x08001ea0   0x08001ea0   0x00000054   Code   RO         4607    i.ad9250_read       ad9250.o
    0x08001ef4   0x08001ef4   0x00000044   Code   RO         4612    i.ad9250_set_bits_to_reg  ad9250.o
    0x08001f38   0x08001f38   0x000000cc   Code   RO         4614    i.ad9250_setup      ad9250.o
    0x08002004   0x08002004   0x00000028   Code   RO         4615    i.ad9250_soft_reset  ad9250.o
    0x0800202c   0x0800202c   0x00000048   Code   RO         4617    i.ad9250_transfer   ad9250.o
    0x08002074   0x08002074   0x0000005c   Code   RO         4618    i.ad9250_write      ad9250.o
    0x080020d0   0x080020d0   0x00000078   Code   RO         4511    i.adc_ReadStatusRegister  adc_spi.o
    0x08002148   0x08002148   0x00000018   Code   RO         4513    i.adc_SPI_Init      adc_spi.o
    0x08002160   0x08002160   0x00000020   Code   RO         3902    i.adc_SPI_LowLevel_AlterDirection  stm32l1xx_nucleo.o
    0x08002180   0x08002180   0x0000013c   Code   RO         3904    i.adc_SPI_LowLevel_Init  stm32l1xx_nucleo.o
    0x080022bc   0x080022bc   0x00000024   Code   RO         4514    i.adc_SendByte      adc_spi.o
    0x080022e0   0x080022e0   0x00000020   Code   RO         4515    i.adc_SendDummyByte  adc_spi.o
    0x08002300   0x08002300   0x00000064   Code   RO         4517    i.adc_WriteStatusRegister  adc_spi.o
    0x08002364   0x08002364   0x0000006c   Code   RO         4518    i.adc_set_cs_high   adc_spi.o
    0x080023d0   0x080023d0   0x0000006c   Code   RO         4519    i.adc_set_cs_low    adc_spi.o
    0x0800243c   0x0800243c   0x0000006c   Code   RO         4054    i.assert_failed     main.o
    0x080024a8   0x080024a8   0x0000004c   Code   RO         4055    i.fputc             main.o
    0x080024f4   0x080024f4   0x00000200   Code   RO         4450    i.ltc6952_aux_config_global  ltc6952_aux.o
    0x080026f4   0x080026f4   0x000001ec   Code   RO         4451    i.ltc6952_aux_config_out_dclk  ltc6952_aux.o
    0x080028e0   0x080028e0   0x000001e8   Code   RO         4452    i.ltc6952_aux_config_out_sysref  ltc6952_aux.o
    0x08002ac8   0x08002ac8   0x00000188   Code   RO         4453    i.ltc6952_aux_config_srq  ltc6952_aux.o
    0x08002c50   0x08002c50   0x00000078   Code   RO         4454    i.ltc6952_aux_detect  ltc6952_aux.o
    0x08002cc8   0x08002cc8   0x00000034   Code   RO         4455    i.ltc6952_aux_isConsistent  ltc6952_aux.o
    0x08002cfc   0x08002cfc   0x000000a0   Code   RO         4456    i.ltc6952_aux_isOkay  ltc6952_aux.o
    0x08002d9c   0x08002d9c   0x000000f8   Code   RO         4372    i.ltc6953_master_aux_sync  ltc6953_master.o
    0x08002e94   0x08002e94   0x00000164   Code   RO         4373    i.ltc6953_master_config_global  ltc6953_master.o
    0x08002ff8   0x08002ff8   0x0000053c   Code   RO         4374    i.ltc6953_master_config_outs  ltc6953_master.o
    0x08003534   0x08003534   0x00000150   Code   RO         4375    i.ltc6953_master_config_srq  ltc6953_master.o
    0x08003684   0x08003684   0x000000a0   Code   RO         4376    i.ltc6953_master_detect  ltc6953_master.o
    0x08003724   0x08003724   0x00000034   Code   RO         4377    i.ltc6953_master_isConsistent  ltc6953_master.o
    0x08003758   0x08003758   0x00000080   Code   RO         4378    i.ltc6953_master_isOkay  ltc6953_master.o
    0x080037d8   0x080037d8   0x00000418   Code   RO         4056    i.main              main.o
    0x08003bf0   0x08003bf0   0x00000010   Code   RO         4619    i.spi_readbyte_glue  ad9250.o
    0x08003c00   0x08003c00   0x00000010   Code   RO         4620    i.spi_writebyte_glue  ad9250.o
    0x08003c10   0x08003c10   0x00000030   Code   RO         4296    i.uni_Init          uni_spi.o
    0x08003c40   0x08003c40   0x00000042   Code   RO         4297    i.uni_ReadBuffer    uni_spi.o
    0x08003c82   0x08003c82   0x0000002e   Code   RO         4299    i.uni_ReadStatusRegister  uni_spi.o
    0x08003cb0   0x08003cb0   0x00000120   Code   RO         3906    i.uni_SPI_LowLevel_Init  stm32l1xx_nucleo.o
    0x08003dd0   0x08003dd0   0x00000034   Code   RO         4300    i.uni_SendByte      uni_spi.o
    0x08003e04   0x08003e04   0x0000003a   Code   RO         4301    i.uni_WriteBuffer   uni_spi.o
    0x08003e3e   0x08003e3e   0x0000002a   Code   RO         4302    i.uni_WriteStatusRegister  uni_spi.o
    0x08003e68   0x08003e68   0x00000034   Code   RO         4303    i.uni_set_cs_high   uni_spi.o
    0x08003e9c   0x08003e9c   0x00000034   Code   RO         4304    i.uni_set_cs_low    uni_spi.o
    0x08003ed0   0x08003ed0   0x00000028   Data   RO         3907    .constdata          stm32l1xx_nucleo.o
    0x08003ef8   0x08003ef8   0x0000007a   Data   RO         4622    .constdata          ad9250.o
    0x08003f72   0x08003f72   0x00000002   PAD
    0x08003f74   0x08003f74   0x00000046   Data   RO          953    .conststring        stm32l1xx_exti.o
    0x08003fba   0x08003fba   0x00000002   PAD
    0x08003fbc   0x08003fbc   0x00000046   Data   RO         1415    .conststring        stm32l1xx_gpio.o
    0x08004002   0x08004002   0x00000002   PAD
    0x08004004   0x08004004   0x00000045   Data   RO         2111    .conststring        stm32l1xx_rcc.o
    0x08004049   0x08004049   0x00000003   PAD
    0x0800404c   0x0800404c   0x00000045   Data   RO         2888    .conststring        stm32l1xx_spi.o
    0x08004091   0x08004091   0x00000003   PAD
    0x08004094   0x08004094   0x00000048   Data   RO         3034    .conststring        stm32l1xx_syscfg.o
    0x080040dc   0x080040dc   0x00000047   Data   RO         3664    .conststring        stm32l1xx_usart.o
    0x08004123   0x08004123   0x00000001   PAD
    0x08004124   0x08004124   0x0000004a   Data   RO         4058    .conststring        main.o
    0x0800416e   0x0800416e   0x00000002   PAD
    0x08004170   0x08004170   0x00000047   Data   RO         4457    .conststring        ltc6952_aux.o
    0x080041b7   0x080041b7   0x00000001   PAD
    0x080041b8   0x080041b8   0x00000020   Data   RO         5156    Region$$Table       anon$$obj.o


    Execution Region RW_IRAM1 (Exec base: 0x20000000, Load base: 0x080041d8, Size: 0x00000598, Max: 0x00014000, ABSOLUTE, COMPRESSED[0x00000048])

    Exec Addr    Load Addr    Size         Type   Attr      Idx    E Section Name        Object

    0x20000000   COMPRESSED   0x00000019   Data   RW         2112    .data               stm32l1xx_rcc.o
    0x20000019   COMPRESSED   0x00000003   PAD
    0x2000001c   COMPRESSED   0x00000014   Data   RW         3908    .data               stm32l1xx_nucleo.o
    0x20000030   COMPRESSED   0x00000008   Data   RW         4059    .data               main.o
    0x20000038   COMPRESSED   0x00000001   Data   RW         4159    .data               stm32l1xx_it.o
    0x20000039   COMPRESSED   0x00000003   PAD
    0x2000003c   COMPRESSED   0x00000108   Data   RW         4272    .data               stm32l1xx_ip_dbg.o
    0x20000144   COMPRESSED   0x0000002e   Data   RW         4623    .data               ad9250.o
    0x20000172   COMPRESSED   0x00000002   PAD
    0x20000174   COMPRESSED   0x00000004   Data   RW         5124    .data               mc_w.l(stdout.o)
    0x20000178        -       0x00000010   Zero   RW         4057    .bss                main.o
    0x20000188        -       0x0000000a   Zero   RW         4621    .bss                ad9250.o
    0x20000192   COMPRESSED   0x00000006   PAD
    0x20000198        -       0x00000400   Zero   RW            1    STACK               startup_stm32l1xx_xl.o


==============================================================================

Image component sizes


      Code (inc. data)   RO Data    RW Data    ZI Data      Debug   Object Name

      1570         76        122         46         10      13501   ad9250.o
       528        132          0          0          0       4384   adc_spi.o
      2216       1254         71          0          0       6424   ltc6952_aux.o
      2620       1560          0          0          0       5976   ltc6953_master.o
      1276        444         74          8         16     221560   main.o
       216         64          0          0          0     202060   misc.o
        36          8        292          0       1024        992   startup_stm32l1xx_xl.o
       420         30         70          0          0       5584   stm32l1xx_exti.o
       812         18         70          0          0       9827   stm32l1xx_gpio.o
       600        262          0        264          0       4090   stm32l1xx_ip_dbg.o
        88         30          0          1          0      28762   stm32l1xx_it.o
      1092        106         40         20          0      45344   stm32l1xx_nucleo.o
       436         52         69         25          0      14690   stm32l1xx_rcc.o
       696         28         69          0          0      13112   stm32l1xx_spi.o
       164          6         72          0          0        880   stm32l1xx_syscfg.o
       804         52         71          0          0      10448   stm32l1xx_usart.o
       296         42          0          0          0       1625   system_stm32l1xx.o
       416         44          0          0          0       5327   uni_spi.o

    ----------------------------------------------------------------------
     14296       4208       1068        372       1056     594586   Object Totals
         0          0         32          0          0          0   (incl. Generated)
        10          0         16          8          6          0   (incl. Padding)

    ----------------------------------------------------------------------

      Code (inc. data)   RO Data    RW Data    ZI Data      Debug   Library Member Name

        86          0          0          0          0          0   __dczerorl2.o
         0          0          0          0          0          0   entry.o
         0          0          0          0          0          0   entry10a.o
         0          0          0          0          0          0   entry11a.o
         8          4          0          0          0          0   entry2.o
         4          0          0          0          0          0   entry5.o
         0          0          0          0          0          0   entry7b.o
         0          0          0          0          0          0   entry8b.o
         8          4          0          0          0          0   entry9a.o
        30          0          0          0          0          0   handlers.o
        36          8          0          0          0         68   init.o
        30          0          0          0          0         68   llshl.o
        32          0          0          0          0         68   llushr.o
      1154         54          0          0          0        352   printf8.o
         0          0          0          4          0          0   stdout.o
        98          0          0          0          0         92   uldiv.o

    ----------------------------------------------------------------------
      1492         70          0          4          0        648   Library Totals
         6          0          0          0          0          0   (incl. Padding)

    ----------------------------------------------------------------------

      Code (inc. data)   RO Data    RW Data    ZI Data      Debug   Library Name

      1486         70          0          4          0        648   mc_w.l

    ----------------------------------------------------------------------
      1492         70          0          4          0        648   Library Totals

    ----------------------------------------------------------------------

==============================================================================


      Code (inc. data)   RO Data    RW Data    ZI Data      Debug   

     15788       4278       1068        376       1056     590474   Grand Totals
     15788       4278       1068         72       1056     590474   ELF Image Totals (compressed)
     15788       4278       1068         72          0          0   ROM Totals

==============================================================================

    Total RO  Size (Code + RO Data)                16856 (  16.46kB)
    Total RW  Size (RW Data + ZI Data)              1432 (   1.40kB)
    Total ROM Size (Code + RO Data + RW Data)      16928 (  16.53kB)

==============================================================================

