<html>
<body>
<pre>
<h1>µVision Build Log</h1>
<h2>Tool Versions:</h2>
IDE-Version: µVision V5.26.2.0
Copyright (C) 2018 ARM Ltd and ARM Germany GmbH. All rights reserved.
License Information: Q Harold, ECC, LIC=ZB4HL-0PYIU-IIK5V-PBHT0-7KGDL-ZGBC1
 
Tool Versions:
Toolchain:       MDK-ARM Plus  Version: 5.26.2.0
Toolchain Path:  C:\Keil_v5\ARM\ARMCC\Bin
C Compiler:      Armcc.exe V5.06 update 6 (build 750)
Assembler:       Armasm.exe V5.06 update 6 (build 750)
Linker/Locator:  ArmLink.exe V5.06 update 6 (build 750)
Library Manager: ArmAr.exe V5.06 update 6 (build 750)
Hex Converter:   FromElf.exe V5.06 update 6 (build 750)
CPU DLL:         SARMCM3.DLL V5.26.2.0
Dialog DLL:      DCM.DLL V1.17.2.0
Target DLL:      STLink\ST-LINKIII-KEIL_SWO.dll V3.0.5.0
Dialog DLL:      TCM.DLL V1.36.1.0
 
<h2>Project:</h2>
C:\Users\Haoran\Documents\GitHub\ghbs_V1_stm32_driver\ghbs_V1_stm32_driver\Projects\NUCLEO-L152RE\IO_Toggle\MDK-ARM\IO_Toggle.uvprojx
Project File Date:  07/16/2019

<h2>Output:</h2>
*** Using Compiler 'V5.06 update 6 (build 750)', folder: 'C:\Keil_v5\ARM\ARMCC\Bin'
Build target 'IO_Toggle'
assembling startup_stm32l1xx_xl.s...
compiling misc.c...
compiling stm32l1xx_aes.c...
compiling stm32l1xx_adc.c...
compiling stm32l1xx_aes_util.c...
compiling stm32l1xx_comp.c...
compiling stm32l1xx_crc.c...
compiling stm32l1xx_dbgmcu.c...
compiling stm32l1xx_dac.c...
compiling stm32l1xx_dma.c...
compiling stm32l1xx_exti.c...
compiling stm32l1xx_flash.c...
compiling stm32l1xx_flash_ramfunc.c...
compiling stm32l1xx_fsmc.c...
compiling stm32l1xx_gpio.c...
compiling stm32l1xx_i2c.c...
compiling stm32l1xx_iwdg.c...
compiling stm32l1xx_lcd.c...
compiling stm32l1xx_opamp.c...
compiling stm32l1xx_pwr.c...
compiling stm32l1xx_rcc.c...
compiling stm32l1xx_rtc.c...
compiling stm32l1xx_sdio.c...
compiling stm32l1xx_spi.c...
compiling stm32l1xx_syscfg.c...
compiling stm32l1xx_tim.c...
compiling stm32l1xx_usart.c...
compiling stm32l1xx_wwdg.c...
compiling stm32l1xx_nucleo.c...
compiling main.c...
..\main.c(247): warning:  #111-D: statement is unreachable
  	adc_SPI_DeInit();
..\main.c: 1 warning, 0 errors
compiling stm32l1xx_it.c...
compiling system_stm32l1xx.c...
compiling stm32l1xx_ip_dbg.c...
compiling uni_spi.c...
compiling ltc6952_aux.c...
compiling ltc6953_master.c...
compiling adc_spi.c...
compiling ad9250.c...
..\ad9250.c(510): warning:  #186-D: pointless comparison of unsigned integer with zero
  		if(ret < AD9250_SUCCESS) {
..\ad9250.c(643): warning:  #186-D: pointless comparison of unsigned integer with zero
  		if(ret < AD9250_SUCCESS) {
..\ad9250.c(678): warning:  #186-D: pointless comparison of unsigned integer with zero
  		if(ret < AD9250_SUCCESS) {
..\ad9250.c(713): warning:  #186-D: pointless comparison of unsigned integer with zero
  		if(ret < AD9250_SUCCESS) {
..\ad9250.c(1134): warning:  #186-D: pointless comparison of unsigned integer with zero
  		if(ret < AD9250_SUCCESS) {
..\ad9250.c(1241): warning:  #186-D: pointless comparison of unsigned integer with zero
  		if(ret < AD9250_SUCCESS) {
..\ad9250.c: 6 warnings, 0 errors
linking...
Program Size: Code=15788 RO-data=1068 RW-data=376 ZI-data=1056  
FromELF: creating hex file...
"IO_Toggle\IO_Toggle.axf" - 0 Error(s), 7 Warning(s).

<h2>Software Packages used:</h2>

Package Vendor: ARM
                http://www.keil.com/pack/ARM.CMSIS.5.5.1.pack
                ARM.CMSIS.5.5.1
                CMSIS (Cortex Microcontroller Software Interface Standard)
   * Component: CORE Version: 5.2.0

Package Vendor: Keil
                http://www.keil.com/pack/Keil.STM32L1xx_DFP.1.2.0.pack
                Keil.STM32L1xx_DFP.1.2.0
                STMicroelectronics STM32L1 Series Device Support and Examples

<h2>Collection of Component include folders:</h2>
  .\RTE\_IO_Toggle
  C:\Keil_v5\ARM\PACK\ARM\CMSIS\5.5.1\CMSIS\Core\Include
  C:\Keil_v5\ARM\PACK\Keil\STM32L1xx_DFP\1.2.0\Device\Include

<h2>Collection of Component Files used:</h2>

   * Component: ARM::CMSIS:CORE:5.2.0
Build Time Elapsed:  00:00:20
</pre>
</body>
</html>
